Archive member included to satisfy reference by file (symbol)

/Users/Amine/.p2/pool/plugins/fr.ac6.mcu.externaltools.arm-none.macos64_1.17.0.201812190825/tools/compiler/bin/../lib/gcc/arm-none-eabi/7.3.1/thumb/v7e-m/fpv4-sp/hard/libgcc.a(_aeabi_uldivmod.o)
                              Drivers/STM32F4xx_HAL_Driver/Src/stm32f4xx_hal_rcc.o (__aeabi_uldivmod)
/Users/Amine/.p2/pool/plugins/fr.ac6.mcu.externaltools.arm-none.macos64_1.17.0.201812190825/tools/compiler/bin/../lib/gcc/arm-none-eabi/7.3.1/thumb/v7e-m/fpv4-sp/hard/libgcc.a(_udivmoddi4.o)
                              /Users/Amine/.p2/pool/plugins/fr.ac6.mcu.externaltools.arm-none.macos64_1.17.0.201812190825/tools/compiler/bin/../lib/gcc/arm-none-eabi/7.3.1/thumb/v7e-m/fpv4-sp/hard/libgcc.a(_aeabi_uldivmod.o) (__udivmoddi4)
/Users/Amine/.p2/pool/plugins/fr.ac6.mcu.externaltools.arm-none.macos64_1.17.0.201812190825/tools/compiler/bin/../lib/gcc/arm-none-eabi/7.3.1/thumb/v7e-m/fpv4-sp/hard/libgcc.a(_dvmd_tls.o)
                              /Users/Amine/.p2/pool/plugins/fr.ac6.mcu.externaltools.arm-none.macos64_1.17.0.201812190825/tools/compiler/bin/../lib/gcc/arm-none-eabi/7.3.1/thumb/v7e-m/fpv4-sp/hard/libgcc.a(_aeabi_uldivmod.o) (__aeabi_ldiv0)
/Users/Amine/.p2/pool/plugins/fr.ac6.mcu.externaltools.arm-none.macos64_1.17.0.201812190825/tools/compiler/bin/../lib/gcc/arm-none-eabi/7.3.1/../../../../arm-none-eabi/lib/thumb/v7e-m/fpv4-sp/hard/libc_nano.a(lib_a-exit.o)
                              /Users/Amine/.p2/pool/plugins/fr.ac6.mcu.externaltools.arm-none.macos64_1.17.0.201812190825/tools/compiler/bin/../lib/gcc/arm-none-eabi/7.3.1/../../../../arm-none-eabi/lib/thumb/v7e-m/fpv4-sp/hard/crt0.o (exit)
/Users/Amine/.p2/pool/plugins/fr.ac6.mcu.externaltools.arm-none.macos64_1.17.0.201812190825/tools/compiler/bin/../lib/gcc/arm-none-eabi/7.3.1/../../../../arm-none-eabi/lib/thumb/v7e-m/fpv4-sp/hard/libc_nano.a(lib_a-impure.o)
                              /Users/Amine/.p2/pool/plugins/fr.ac6.mcu.externaltools.arm-none.macos64_1.17.0.201812190825/tools/compiler/bin/../lib/gcc/arm-none-eabi/7.3.1/../../../../arm-none-eabi/lib/thumb/v7e-m/fpv4-sp/hard/libc_nano.a(lib_a-exit.o) (_global_impure_ptr)
/Users/Amine/.p2/pool/plugins/fr.ac6.mcu.externaltools.arm-none.macos64_1.17.0.201812190825/tools/compiler/bin/../lib/gcc/arm-none-eabi/7.3.1/../../../../arm-none-eabi/lib/thumb/v7e-m/fpv4-sp/hard/libc_nano.a(lib_a-init.o)
                              /Users/Amine/.p2/pool/plugins/fr.ac6.mcu.externaltools.arm-none.macos64_1.17.0.201812190825/tools/compiler/bin/../lib/gcc/arm-none-eabi/7.3.1/../../../../arm-none-eabi/lib/thumb/v7e-m/fpv4-sp/hard/crt0.o (__libc_init_array)
/Users/Amine/.p2/pool/plugins/fr.ac6.mcu.externaltools.arm-none.macos64_1.17.0.201812190825/tools/compiler/bin/../lib/gcc/arm-none-eabi/7.3.1/../../../../arm-none-eabi/lib/thumb/v7e-m/fpv4-sp/hard/libc_nano.a(lib_a-memcpy-stub.o)
                              Src/MY_NRF24.o (memcpy)
/Users/Amine/.p2/pool/plugins/fr.ac6.mcu.externaltools.arm-none.macos64_1.17.0.201812190825/tools/compiler/bin/../lib/gcc/arm-none-eabi/7.3.1/../../../../arm-none-eabi/lib/thumb/v7e-m/fpv4-sp/hard/libc_nano.a(lib_a-memset.o)
                              /Users/Amine/.p2/pool/plugins/fr.ac6.mcu.externaltools.arm-none.macos64_1.17.0.201812190825/tools/compiler/bin/../lib/gcc/arm-none-eabi/7.3.1/../../../../arm-none-eabi/lib/thumb/v7e-m/fpv4-sp/hard/crt0.o (memset)
/Users/Amine/.p2/pool/plugins/fr.ac6.mcu.externaltools.arm-none.macos64_1.17.0.201812190825/tools/compiler/bin/../lib/gcc/arm-none-eabi/7.3.1/../../../../arm-none-eabi/lib/thumb/v7e-m/fpv4-sp/hard/libc_nano.a(lib_a-sprintf.o)
                              Src/MY_NRF24.o (sprintf)
/Users/Amine/.p2/pool/plugins/fr.ac6.mcu.externaltools.arm-none.macos64_1.17.0.201812190825/tools/compiler/bin/../lib/gcc/arm-none-eabi/7.3.1/../../../../arm-none-eabi/lib/thumb/v7e-m/fpv4-sp/hard/libc_nano.a(lib_a-strcmp.o)
                              Src/main.o (strcmp)
/Users/Amine/.p2/pool/plugins/fr.ac6.mcu.externaltools.arm-none.macos64_1.17.0.201812190825/tools/compiler/bin/../lib/gcc/arm-none-eabi/7.3.1/../../../../arm-none-eabi/lib/thumb/v7e-m/fpv4-sp/hard/libc_nano.a(lib_a-strlen.o)
                              Src/MY_NRF24.o (strlen)
/Users/Amine/.p2/pool/plugins/fr.ac6.mcu.externaltools.arm-none.macos64_1.17.0.201812190825/tools/compiler/bin/../lib/gcc/arm-none-eabi/7.3.1/../../../../arm-none-eabi/lib/thumb/v7e-m/fpv4-sp/hard/libc_nano.a(lib_a-nano-svfprintf.o)
                              /Users/Amine/.p2/pool/plugins/fr.ac6.mcu.externaltools.arm-none.macos64_1.17.0.201812190825/tools/compiler/bin/../lib/gcc/arm-none-eabi/7.3.1/../../../../arm-none-eabi/lib/thumb/v7e-m/fpv4-sp/hard/libc_nano.a(lib_a-sprintf.o) (_svfprintf_r)
/Users/Amine/.p2/pool/plugins/fr.ac6.mcu.externaltools.arm-none.macos64_1.17.0.201812190825/tools/compiler/bin/../lib/gcc/arm-none-eabi/7.3.1/../../../../arm-none-eabi/lib/thumb/v7e-m/fpv4-sp/hard/libc_nano.a(lib_a-nano-vfprintf_i.o)
[...]
Memory Configuration

Name             Origin             Length             Attributes
RAM              0x0000000020000000 0x0000000000018000 xrw
FLASH            0x0000000008000000 0x0000000000080000 xr
*default*        0x0000000000000000 0xffffffffffffffff

Linker script and memory map

LOAD /Users/Amine/.p2/pool/plugins/fr.ac6.mcu.externaltools.arm-none.macos64_1.17.0.201812190825/tools/compiler/bin/../lib/gcc/arm-none-eabi/7.3.1/thumb/v7e-m/fpv4-sp/hard/crti.o
LOAD /Users/Amine/.p2/pool/plugins/fr.ac6.mcu.externaltools.arm-none.macos64_1.17.0.201812190825/tools/compiler/bin/../lib/gcc/arm-none-eabi/7.3.1/thumb/v7e-m/fpv4-sp/hard/crtbegin.o
LOAD /Users/Amine/.p2/pool/plugins/fr.ac6.mcu.externaltools.arm-none.macos64_1.17.0.201812190825/tools/compiler/bin/../lib/gcc/arm-none-eabi/7.3.1/../../../../arm-none-eabi/lib/thumb/v7e-m/fpv4-sp/hard/crt0.o
LOAD Drivers/STM32F4xx_HAL_Driver/Src/stm32f4xx_hal.o
LOAD Drivers/STM32F4xx_HAL_Driver/Src/stm32f4xx_hal_cortex.o
LOAD Drivers/STM32F4xx_HAL_Driver/Src/stm32f4xx_hal_dma.o
LOAD Drivers/STM32F4xx_HAL_Driver/Src/stm32f4xx_hal_dma_ex.o
LOAD Drivers/STM32F4xx_HAL_Driver/Src/stm32f4xx_hal_flash.o
LOAD Drivers/STM32F4xx_HAL_Driver/Src/stm32f4xx_hal_flash_ex.o
LOAD Drivers/STM32F4xx_HAL_Driver/Src/stm32f4xx_hal_flash_ramfunc.o
LOAD Drivers/STM32F4xx_HAL_Driver/Src/stm32f4xx_hal_gpio.o
LOAD Drivers/STM32F4xx_HAL_Driver/Src/stm32f4xx_hal_pwr.o
LOAD Drivers/STM32F4xx_HAL_Driver/Src/stm32f4xx_hal_pwr_ex.o
LOAD Drivers/STM32F4xx_HAL_Driver/Src/stm32f4xx_hal_rcc.o
LOAD Drivers/STM32F4xx_HAL_Driver/Src/stm32f4xx_hal_rcc_ex.o
LOAD Drivers/STM32F4xx_HAL_Driver/Src/stm32f4xx_hal_spi.o
LOAD Drivers/STM32F4xx_HAL_Driver/Src/stm32f4xx_hal_tim.o
LOAD Drivers/STM32F4xx_HAL_Driver/Src/stm32f4xx_hal_tim_ex.o
LOAD Drivers/STM32F4xx_HAL_Driver/Src/stm32f4xx_hal_uart.o
LOAD Src/MY_NRF24.o
LOAD Src/dwt_stm32_delay.o
LOAD Src/main.o
LOAD Src/stm32f4xx_hal_msp.o
LOAD Src/stm32f4xx_it.o
LOAD Src/system_stm32f4xx.o
LOAD startup/startup_stm32f401xe.o
LOAD /Users/Amine/.p2/pool/plugins/fr.ac6.mcu.externaltools.arm-none.macos64_1.17.0.201812190825/tools/compiler/bin/../lib/gcc/arm-none-eabi/7.3.1/../../../../arm-none-eabi/lib/thumb/v7e-m/fpv4-sp/hard/libm.a
START GROUP
LOAD /Users/Amine/.p2/pool/plugins/fr.ac6.mcu.externaltools.arm-none.macos64_1.17.0.201812190825/tools/compiler/bin/../lib/gcc/arm-none-eabi/7.3.1/thumb/v7e-m/fpv4-sp/hard/libgcc.a
LOAD /Users/Amine/.p2/pool/plugins/fr.ac6.mcu.externaltools.arm-none.macos64_1.17.0.201812190825/tools/compiler/bin/../lib/gcc/arm-none-eabi/7.3.1/../../../../arm-none-eabi/lib/thumb/v7e-m/fpv4-sp/hard/libc_nano.a
END GROUP
START GROUP
LOAD /Users/Amine/.p2/pool/plugins/fr.ac6.mcu.externaltools.arm-none.macos64_1.17.0.201812190825/tools/compiler/bin/../lib/gcc/arm-none-eabi/7.3.1/thumb/v7e-m/fpv4-sp/hard/libgcc.a
LOAD /Users/Amine/.p2/pool/plugins/fr.ac6.mcu.externaltools.arm-none.macos64_1.17.0.201812190825/tools/compiler/bin/../lib/gcc/arm-none-eabi/7.3.1/../../../../arm-none-eabi/lib/thumb/v7e-m/fpv4-sp/hard/libc_nano.a
LOAD /Users/Amine/.p2/pool/plugins/fr.ac6.mcu.externaltools.arm-none.macos64_1.17.0.201812190825/tools/compiler/bin/../lib/gcc/arm-none-eabi/7.3.1/../../../../arm-none-eabi/lib/thumb/v7e-m/fpv4-sp/hard/libnosys.a
END GROUP
START GROUP
LOAD /Users/Amine/.p2/pool/plugins/fr.ac6.mcu.externaltools.arm-none.macos64_1.17.0.201812190825/tools/compiler/bin/../lib/gcc/arm-none-eabi/7.3.1/thumb/v7e-m/fpv4-sp/hard/libgcc.a
LOAD /Users/Amine/.p2/pool/plugins/fr.ac6.mcu.externaltools.arm-none.macos64_1.17.0.201812190825/tools/compiler/bin/../lib/gcc/arm-none-eabi/7.3.1/../../../../arm-none-eabi/lib/thumb/v7e-m/fpv4-sp/hard/libc_nano.a
LOAD /Users/Amine/.p2/pool/plugins/fr.ac6.mcu.externaltools.arm-none.macos64_1.17.0.201812190825/tools/compiler/bin/../lib/gcc/arm-none-eabi/7.3.1/../../../../arm-none-eabi/lib/thumb/v7e-m/fpv4-sp/hard/libnosys.a
END GROUP
LOAD /Users/Amine/.p2/pool/plugins/fr.ac6.mcu.externaltools.arm-none.macos64_1.17.0.201812190825/tools/compiler/bin/../lib/gcc/arm-none-eabi/7.3.1/thumb/v7e-m/fpv4-sp/hard/crtend.o
LOAD /Users/Amine/.p2/pool/plugins/fr.ac6.mcu.externaltools.arm-none.macos64_1.17.0.201812190825/tools/compiler/bin/../lib/gcc/arm-none-eabi/7.3.1/thumb/v7e-m/fpv4-sp/hard/crtn.o
                0x0000000020018000                _estack = 0x20018000
                0x0000000000000200                _Min_Heap_Size = 0x200
                0x0000000000000400                _Min_Stack_Size = 0x400

.isr_vector     0x0000000008000000      0x194
                0x0000000008000000                . = ALIGN (0x4)
 *(.isr_vector)
 .isr_vector    0x0000000008000000      0x194 startup/startup_stm32f401xe.o
                0x0000000008000000                g_pfnVectors
                0x0000000008000194                . = ALIGN (0x4)

.text           0x00000000080001a0     0x40f4
                0x00000000080001a0                . = ALIGN (0x4)
 *(.text)
 .text          0x00000000080001a0       0x40 /Users/Amine/.p2/pool/plugins/fr.ac6.mcu.externaltools.arm-none.macos64_1.17.0.201812190825/tools/compiler/bin/../lib/gcc/arm-none-eabi/7.3.1/thumb/v7e-m/fpv4-sp/hard/crtbegin.o
 .text          0x00000000080001e0       0x30 /Users/Amine/.p2/pool/plugins/fr.ac6.mcu.externaltools.arm-none.macos64_1.17.0.201812190825/tools/compiler/bin/../lib/gcc/arm-none-eabi/7.3.1/thumb/v7e-m/fpv4-sp/hard/libgcc.a(_aeabi_uldivmod.o)
                0x00000000080001e0                __aeabi_uldivmod
 .text          0x0000000008000210      0x2cc /Users/Amine/.p2/pool/plugins/fr.ac6.mcu.externaltools.arm-none.macos64_1.17.0.201812190825/tools/compiler/bin/../lib/gcc/arm-none-eabi/7.3.1/thumb/v7e-m/fpv4-sp/hard/libgcc.a(_udivmoddi4.o)
                0x0000000008000210                __udivmoddi4
 .text          0x00000000080004dc        0x4 /Users/Amine/.p2/pool/plugins/fr.ac6.mcu.externaltools.arm-none.macos64_1.17.0.201812190825/tools/compiler/bin/../lib/gcc/arm-none-eabi/7.3.1/thumb/v7e-m/fpv4-sp/hard/libgcc.a(_dvmd_tls.o)
                0x00000000080004dc                __aeabi_ldiv0
                0x00000000080004dc                __aeabi_idiv0
 .text          0x00000000080004e0       0x14 /Users/Amine/.p2/pool/plugins/fr.ac6.mcu.externaltools.arm-none.macos64_1.17.0.201812190825/tools/compiler/bin/../lib/gcc/arm-none-eabi/7.3.1/../../../../arm-none-eabi/lib/thumb/v7e-m/fpv4-sp/hard/libc_nano.a(lib_a-strcmp.o)
                0x00000000080004e0                strcmp
 .text          0x00000000080004f4       0x10 /Users/Amine/.p2/pool/plugins/fr.ac6.mcu.externaltools.arm-none.macos64_1.17.0.201812190825/tools/compiler/bin/../lib/gcc/arm-none-eabi/7.3.1/../../../../arm-none-eabi/lib/thumb/v7e-m/fpv4-sp/hard/libc_nano.a(lib_a-strlen.o)
                0x00000000080004f4                strlen
 *fill*         0x0000000008000504        0xc 
 .text          0x0000000008000510       0xa0 /Users/Amine/.p2/pool/plugins/fr.ac6.mcu.externaltools.arm-none.macos64_1.17.0.201812190825/tools/compiler/bin/../lib/gcc/arm-none-eabi/7.3.1/../../../../arm-none-eabi/lib/thumb/v7e-m/fpv4-sp/hard/libc_nano.a(lib_a-memchr.o)
                0x0000000008000510                memchr
 *(.text*)
 .text.HAL_InitTick
                0x00000000080005b0       0x48 Drivers/STM32F4xx_HAL_Driver/Src/stm32f4xx_hal.o
                0x00000000080005b0                HAL_InitTick
 .text.HAL_Init
                0x00000000080005f8       0x34 Drivers/STM32F4xx_HAL_Driver/Src/stm32f4xx_hal.o
                0x00000000080005f8                HAL_Init
 .text.HAL_IncTick
                0x000000000800062c       0x18 Drivers/STM32F4xx_HAL_Driver/Src/stm32f4xx_hal.o
                0x000000000800062c                HAL_IncTick
 .text.HAL_GetTick
                0x0000000008000644        0xc Drivers/STM32F4xx_HAL_Driver/Src/stm32f4xx_hal.o
                0x0000000008000644                HAL_GetTick
 .text.HAL_Delay
                0x0000000008000650       0x28 Drivers/STM32F4xx_HAL_Driver/Src/stm32f4xx_hal.o
                0x0000000008000650                HAL_Delay
 .text.HAL_NVIC_SetPriorityGrouping
                0x0000000008000678       0x24 Drivers/STM32F4xx_HAL_Driver/Src/stm32f4xx_hal_cortex.o
                0x0000000008000678                HAL_NVIC_SetPriorityGrouping
 .text.HAL_NVIC_SetPriority
                0x000000000800069c       0x68 Drivers/STM32F4xx_HAL_Driver/Src/stm32f4xx_hal_cortex.o
                0x000000000800069c                HAL_NVIC_SetPriority
 .text.HAL_NVIC_EnableIRQ
                0x0000000008000704       0x18 Drivers/STM32F4xx_HAL_Driver/Src/stm32f4xx_hal_cortex.o
                0x0000000008000704                HAL_NVIC_EnableIRQ
 .text.HAL_SYSTICK_Config
                0x000000000800071c       0x2c Drivers/STM32F4xx_HAL_Driver/Src/stm32f4xx_hal_cortex.o
                0x000000000800071c                HAL_SYSTICK_Config
 .text.HAL_SYSTICK_CLKSourceConfig
                0x0000000008000748       0x20 Drivers/STM32F4xx_HAL_Driver/Src/stm32f4xx_hal_cortex.o
                0x0000000008000748                HAL_SYSTICK_CLKSourceConfig
 .text.HAL_SYSTICK_Callback
                0x0000000008000768        0x2 Drivers/STM32F4xx_HAL_Driver/Src/stm32f4xx_hal_cortex.o
                0x0000000008000768                HAL_SYSTICK_Callback
 .text.HAL_SYSTICK_IRQHandler
                0x000000000800076a        0x8 Drivers/STM32F4xx_HAL_Driver/Src/stm32f4xx_hal_cortex.o
                0x000000000800076a                HAL_SYSTICK_IRQHandler
 .text.HAL_DMA_Abort_IT
                0x0000000008000772       0x26 Drivers/STM32F4xx_HAL_Driver/Src/stm32f4xx_hal_dma.o
                0x0000000008000772                HAL_DMA_Abort_IT
 .text.HAL_GPIO_Init
                0x0000000008000798      0x1a4 Drivers/STM32F4xx_HAL_Driver/Src/stm32f4xx_hal_gpio.o
                0x0000000008000798                HAL_GPIO_Init
 .text.HAL_GPIO_WritePin
                0x000000000800093c        0xc Drivers/STM32F4xx_HAL_Driver/Src/stm32f4xx_hal_gpio.o
                0x000000000800093c                HAL_GPIO_WritePin
 .text.HAL_GPIO_EXTI_IRQHandler
                0x0000000008000948       0x1c Drivers/STM32F4xx_HAL_Driver/Src/stm32f4xx_hal_gpio.o
                0x0000000008000948                HAL_GPIO_EXTI_IRQHandler
 .text.HAL_RCC_OscConfig
                0x0000000008000964      0x398 Drivers/STM32F4xx_HAL_Driver/Src/stm32f4xx_hal_rcc.o
                0x0000000008000964                HAL_RCC_OscConfig
 .text.HAL_RCC_GetSysClockFreq
                0x0000000008000cfc       0xd8 Drivers/STM32F4xx_HAL_Driver/Src/stm32f4xx_hal_rcc.o
                0x0000000008000cfc                HAL_RCC_GetSysClockFreq
 .text.HAL_RCC_ClockConfig
                0x0000000008000dd4      0x158 Drivers/STM32F4xx_HAL_Driver/Src/stm32f4xx_hal_rcc.o
                0x0000000008000dd4                HAL_RCC_ClockConfig
 .text.HAL_RCC_GetHCLKFreq
                0x0000000008000f2c        0xc Drivers/STM32F4xx_HAL_Driver/Src/stm32f4xx_hal_rcc.o
                0x0000000008000f2c                HAL_RCC_GetHCLKFreq
 .text.HAL_RCC_GetPCLK1Freq
                0x0000000008000f38       0x20 Drivers/STM32F4xx_HAL_Driver/Src/stm32f4xx_hal_rcc.o
                0x0000000008000f38                HAL_RCC_GetPCLK1Freq
 .text.HAL_RCC_GetPCLK2Freq
                0x0000000008000f58       0x20 Drivers/STM32F4xx_HAL_Driver/Src/stm32f4xx_hal_rcc.o
                0x0000000008000f58                HAL_RCC_GetPCLK2Freq
 .text.SPI_WaitFlagStateUntilTimeout
                0x0000000008000f78       0x96 Drivers/STM32F4xx_HAL_Driver/Src/stm32f4xx_hal_spi.o
 .text.SPI_CheckFlag_BSY
                0x000000000800100e       0x28 Drivers/STM32F4xx_HAL_Driver/Src/stm32f4xx_hal_spi.o
 .text.HAL_SPI_Init
                0x0000000008001036       0x80 Drivers/STM32F4xx_HAL_Driver/Src/stm32f4xx_hal_spi.o
                0x0000000008001036                HAL_SPI_Init
 .text.HAL_SPI_Transmit
                0x00000000080010b6      0x1a6 Drivers/STM32F4xx_HAL_Driver/Src/stm32f4xx_hal_spi.o
                0x00000000080010b6                HAL_SPI_Transmit
 .text.HAL_SPI_TransmitReceive
                0x000000000800125c      0x238 Drivers/STM32F4xx_HAL_Driver/Src/stm32f4xx_hal_spi.o
                0x000000000800125c                HAL_SPI_TransmitReceive
 .text.HAL_SPI_Receive
                0x0000000008001494      0x168 Drivers/STM32F4xx_HAL_Driver/Src/stm32f4xx_hal_spi.o
                0x0000000008001494                HAL_SPI_Receive
 .text.TIM_OC1_SetConfig
                0x00000000080015fc       0x54 Drivers/STM32F4xx_HAL_Driver/Src/stm32f4xx_hal_tim.o
 .text.TIM_OC3_SetConfig
                0x0000000008001650       0x5c Drivers/STM32F4xx_HAL_Driver/Src/stm32f4xx_hal_tim.o
 .text.TIM_OC4_SetConfig
                0x00000000080016ac       0x48 Drivers/STM32F4xx_HAL_Driver/Src/stm32f4xx_hal_tim.o
 .text.TIM_TI1_ConfigInputStage
                0x00000000080016f4       0x26 Drivers/STM32F4xx_HAL_Driver/Src/stm32f4xx_hal_tim.o
 .text.TIM_TI2_ConfigInputStage
                0x000000000800171a       0x28 Drivers/STM32F4xx_HAL_Driver/Src/stm32f4xx_hal_tim.o
 .text.TIM_ITRx_SetConfig
                0x0000000008001742       0x10 Drivers/STM32F4xx_HAL_Driver/Src/stm32f4xx_hal_tim.o
 .text.TIM_ETR_SetConfig
                0x0000000008001752       0x18 Drivers/STM32F4xx_HAL_Driver/Src/stm32f4xx_hal_tim.o
 .text.HAL_TIM_Base_Start_IT
                0x000000000800176a       0x18 Drivers/STM32F4xx_HAL_Driver/Src/stm32f4xx_hal_tim.o
                0x000000000800176a                HAL_TIM_Base_Start_IT
 .text.HAL_TIM_ConfigClockSource
                0x0000000008001782      0x108 Drivers/STM32F4xx_HAL_Driver/Src/stm32f4xx_hal_tim.o
                0x0000000008001782                HAL_TIM_ConfigClockSource
 .text.HAL_TIM_OC_DelayElapsedCallback
                0x000000000800188a        0x2 Drivers/STM32F4xx_HAL_Driver/Src/stm32f4xx_hal_tim.o
                0x000000000800188a                HAL_TIM_OC_DelayElapsedCallback
 .text.HAL_TIM_IC_CaptureCallback
                0x000000000800188c        0x2 Drivers/STM32F4xx_HAL_Driver/Src/stm32f4xx_hal_tim.o
                0x000000000800188c                HAL_TIM_IC_CaptureCallback
 .text.HAL_TIM_PWM_PulseFinishedCallback
                0x000000000800188e        0x2 Drivers/STM32F4xx_HAL_Driver/Src/stm32f4xx_hal_tim.o
                0x000000000800188e                HAL_TIM_PWM_PulseFinishedCallback
 .text.HAL_TIM_TriggerCallback
                0x0000000008001890        0x2 Drivers/STM32F4xx_HAL_Driver/Src/stm32f4xx_hal_tim.o
                0x0000000008001890                HAL_TIM_TriggerCallback
 .text.HAL_TIM_IRQHandler
                0x0000000008001892      0x17a Drivers/STM32F4xx_HAL_Driver/Src/stm32f4xx_hal_tim.o
                0x0000000008001892                HAL_TIM_IRQHandler
 .text.TIM_Base_SetConfig
                0x0000000008001a0c       0x94 Drivers/STM32F4xx_HAL_Driver/Src/stm32f4xx_hal_tim.o
                0x0000000008001a0c                TIM_Base_SetConfig
 .text.HAL_TIM_Base_Init
                0x0000000008001aa0       0x32 Drivers/STM32F4xx_HAL_Driver/Src/stm32f4xx_hal_tim.o
                0x0000000008001aa0                HAL_TIM_Base_Init
 .text.HAL_TIM_PWM_Init
                0x0000000008001ad2       0x32 Drivers/STM32F4xx_HAL_Driver/Src/stm32f4xx_hal_tim.o
                0x0000000008001ad2                HAL_TIM_PWM_Init
 .text.TIM_OC2_SetConfig
                0x0000000008001b04       0x5c Drivers/STM32F4xx_HAL_Driver/Src/stm32f4xx_hal_tim.o
                0x0000000008001b04                TIM_OC2_SetConfig
 .text.HAL_TIM_PWM_ConfigChannel
                0x0000000008001b60       0xdc Drivers/STM32F4xx_HAL_Driver/Src/stm32f4xx_hal_tim.o
                0x0000000008001b60                HAL_TIM_PWM_ConfigChannel
 .text.TIM_CCxChannelCmd
                0x0000000008001c3c       0x1e Drivers/STM32F4xx_HAL_Driver/Src/stm32f4xx_hal_tim.o
                0x0000000008001c3c                TIM_CCxChannelCmd
 *fill*         0x0000000008001c5a        0x2 
 .text.HAL_TIM_PWM_Start
                0x0000000008001c5c       0x30 Drivers/STM32F4xx_HAL_Driver/Src/stm32f4xx_hal_tim.o
                0x0000000008001c5c                HAL_TIM_PWM_Start
 .text.HAL_TIM_PWM_Stop
                0x0000000008001c8c       0x60 Drivers/STM32F4xx_HAL_Driver/Src/stm32f4xx_hal_tim.o
                0x0000000008001c8c                HAL_TIM_PWM_Stop
 .text.HAL_TIMEx_MasterConfigSynchronization
                0x0000000008001cec       0x52 Drivers/STM32F4xx_HAL_Driver/Src/stm32f4xx_hal_tim_ex.o
                0x0000000008001cec                HAL_TIMEx_MasterConfigSynchronization
 .text.HAL_TIMEx_ConfigBreakDeadTime
                0x0000000008001d3e       0x58 Drivers/STM32F4xx_HAL_Driver/Src/stm32f4xx_hal_tim_ex.o
                0x0000000008001d3e                HAL_TIMEx_ConfigBreakDeadTime
 .text.HAL_TIMEx_CommutationCallback
                0x0000000008001d96        0x2 Drivers/STM32F4xx_HAL_Driver/Src/stm32f4xx_hal_tim_ex.o
                0x0000000008001d96                HAL_TIMEx_CommutationCallback
 .text.HAL_TIMEx_BreakCallback
                0x0000000008001d98        0x2 Drivers/STM32F4xx_HAL_Driver/Src/stm32f4xx_hal_tim_ex.o
                0x0000000008001d98                HAL_TIMEx_BreakCallback
 .text.UART_EndRxTransfer
                0x0000000008001d9a       0x1c Drivers/STM32F4xx_HAL_Driver/Src/stm32f4xx_hal_uart.o
 .text.UART_Transmit_IT
                0x0000000008001db6       0x68 Drivers/STM32F4xx_HAL_Driver/Src/stm32f4xx_hal_uart.o
 *fill*         0x0000000008001e1e        0x2 
 .text.UART_SetConfig
                0x0000000008001e20      0x334 Drivers/STM32F4xx_HAL_Driver/Src/stm32f4xx_hal_uart.o
 .text.UART_WaitOnFlagUntilTimeout
                0x0000000008002154       0x62 Drivers/STM32F4xx_HAL_Driver/Src/stm32f4xx_hal_uart.o
 .text.HAL_UART_Init
                0x00000000080021b6       0x5e Drivers/STM32F4xx_HAL_Driver/Src/stm32f4xx_hal_uart.o
                0x00000000080021b6                HAL_UART_Init
 .text.HAL_UART_Transmit
                0x0000000008002214       0xe0 Drivers/STM32F4xx_HAL_Driver/Src/stm32f4xx_hal_uart.o
                0x0000000008002214                HAL_UART_Transmit
 .text.HAL_UART_Receive_IT
                0x00000000080022f4       0x52 Drivers/STM32F4xx_HAL_Driver/Src/stm32f4xx_hal_uart.o
                0x00000000080022f4                HAL_UART_Receive_IT
 .text.HAL_UART_TxCpltCallback
                0x0000000008002346        0x2 Drivers/STM32F4xx_HAL_Driver/Src/stm32f4xx_hal_uart.o
                0x0000000008002346                HAL_UART_TxCpltCallback
 .text.UART_EndTransmit_IT
                0x0000000008002348       0x1a Drivers/STM32F4xx_HAL_Driver/Src/stm32f4xx_hal_uart.o
 .text.UART_Receive_IT
                0x0000000008002362       0x92 Drivers/STM32F4xx_HAL_Driver/Src/stm32f4xx_hal_uart.o
 .text.HAL_UART_ErrorCallback
                0x00000000080023f4        0x2 Drivers/STM32F4xx_HAL_Driver/Src/stm32f4xx_hal_uart.o
                0x00000000080023f4                HAL_UART_ErrorCallback
 *fill*         0x00000000080023f6        0x2 
 .text.HAL_UART_IRQHandler
                0x00000000080023f8      0x120 Drivers/STM32F4xx_HAL_Driver/Src/stm32f4xx_hal_uart.o
                0x00000000080023f8                HAL_UART_IRQHandler
 .text.UART_DMAAbortOnError
                0x0000000008002518       0x10 Drivers/STM32F4xx_HAL_Driver/Src/stm32f4xx_hal_uart.o
 .text.NRF24_DelayMicroSeconds
                0x0000000008002528       0x2c Src/MY_NRF24.o
                0x0000000008002528                NRF24_DelayMicroSeconds
 .text.NRF24_csn
                0x0000000008002554       0x24 Src/MY_NRF24.o
                0x0000000008002554                NRF24_csn
 .text.NRF24_ce
                0x0000000008002578       0x24 Src/MY_NRF24.o
                0x0000000008002578                NRF24_ce
 .text.NRF24_read_register
                0x000000000800259c       0x44 Src/MY_NRF24.o
                0x000000000800259c                NRF24_read_register
 .text.NRF24_read_registerN
                0x00000000080025e0       0x40 Src/MY_NRF24.o
                0x00000000080025e0                NRF24_read_registerN
 .text.NRF24_write_register
                0x0000000008002620       0x34 Src/MY_NRF24.o
                0x0000000008002620                NRF24_write_register
 .text.NRF24_write_registerN
                0x0000000008002654       0x40 Src/MY_NRF24.o
                0x0000000008002654                NRF24_write_registerN
 .text.NRF24_flush_tx
                0x0000000008002694        0xc Src/MY_NRF24.o
                0x0000000008002694                NRF24_flush_tx
 .text.NRF24_flush_rx
                0x00000000080026a0        0xc Src/MY_NRF24.o
                0x00000000080026a0                NRF24_flush_rx
 .text.NRF24_get_status
                0x00000000080026ac        0xa Src/MY_NRF24.o
                0x00000000080026ac                NRF24_get_status
 *fill*         0x00000000080026b6        0x2 
 .text.NRF24_startListening
                0x00000000080026b8       0x48 Src/MY_NRF24.o
                0x00000000080026b8                NRF24_startListening
 .text.NRF24_openReadingPipe
                0x0000000008002700       0x6c Src/MY_NRF24.o
                0x0000000008002700                NRF24_openReadingPipe
 .text.NRF24_setRetries
                0x000000000800276c       0x14 Src/MY_NRF24.o
                0x000000000800276c                NRF24_setRetries
 .text.NRF24_setChannel
                0x0000000008002780       0x12 Src/MY_NRF24.o
                0x0000000008002780                NRF24_setChannel
 *fill*         0x0000000008002792        0x2 
 .text.NRF24_setPayloadSize
                0x0000000008002794       0x14 Src/MY_NRF24.o
                0x0000000008002794                NRF24_setPayloadSize
 .text.NRF24_getPayloadSize
                0x00000000080027a8        0xc Src/MY_NRF24.o
                0x00000000080027a8                NRF24_getPayloadSize
 .text.NRF24_read_payload
                0x00000000080027b4       0x4c Src/MY_NRF24.o
                0x00000000080027b4                NRF24_read_payload
 .text.NRF24_getDynamicPayloadSize
                0x0000000008002800        0xa Src/MY_NRF24.o
                0x0000000008002800                NRF24_getDynamicPayloadSize
 .text.NRF24_read
                0x000000000800280a       0x1c Src/MY_NRF24.o
                0x000000000800280a                NRF24_read
 .text.NRF24_disableDynamicPayloads
                0x0000000008002826       0x1c Src/MY_NRF24.o
                0x0000000008002826                NRF24_disableDynamicPayloads
 .text.NRF24_setAutoAck
                0x0000000008002842       0x18 Src/MY_NRF24.o
                0x0000000008002842                NRF24_setAutoAck
 .text.NRF24_setPALevel
                0x000000000800285a       0x3e Src/MY_NRF24.o
                0x000000000800285a                NRF24_setPALevel
 .text.NRF24_setDataRate
                0x0000000008002898       0x3c Src/MY_NRF24.o
                0x0000000008002898                NRF24_setDataRate
 .text.NRF24_setCRCLength
                0x00000000080028d4       0x26 Src/MY_NRF24.o
                0x00000000080028d4                NRF24_setCRCLength
 .text.NRF24_powerDown
                0x00000000080028fa       0x14 Src/MY_NRF24.o
                0x00000000080028fa                NRF24_powerDown
 .text.NRF24_availablePipe
                0x000000000800290e       0x3c Src/MY_NRF24.o
                0x000000000800290e                NRF24_availablePipe
 .text.NRF24_available
                0x000000000800294a        0xa Src/MY_NRF24.o
                0x000000000800294a                NRF24_available
 .text.NRF24_resetStatus
                0x0000000008002954        0xc Src/MY_NRF24.o
                0x0000000008002954                NRF24_resetStatus
 .text.NRF24_ACTIVATE_cmd
                0x0000000008002960       0x34 Src/MY_NRF24.o
                0x0000000008002960                NRF24_ACTIVATE_cmd
 .text.printRadioSettings
                0x0000000008002994      0x5e0 Src/MY_NRF24.o
                0x0000000008002994                printRadioSettings
 .text.NRF24_begin
                0x0000000008002f74      0x198 Src/MY_NRF24.o
                0x0000000008002f74                NRF24_begin
 .text.nrf24_DebugUART_Init
                0x000000000800310c       0x2c Src/MY_NRF24.o
                0x000000000800310c                nrf24_DebugUART_Init
 .text.DWT_Delay_Init
                0x0000000008003138       0x44 Src/dwt_stm32_delay.o
                0x0000000008003138                DWT_Delay_Init
 .text.MX_GPIO_Init
                0x000000000800317c       0x9c Src/main.o
 .text.HAL_UART_RxCpltCallback
                0x0000000008003218       0x38 Src/main.o
                0x0000000008003218                HAL_UART_RxCpltCallback
 .text.HAL_GPIO_EXTI_Callback
                0x0000000008003250       0x80 Src/main.o
                0x0000000008003250                HAL_GPIO_EXTI_Callback
 .text.HAL_TIM_PeriodElapsedCallback
                0x00000000080032d0       0x94 Src/main.o
                0x00000000080032d0                HAL_TIM_PeriodElapsedCallback
 .text._Error_Handler
                0x0000000008003364        0x2 Src/main.o
                0x0000000008003364                _Error_Handler
 *fill*         0x0000000008003366        0x2 
 .text.MX_USART2_UART_Init
                0x0000000008003368       0x3c Src/main.o
 .text.MX_SPI1_Init
                0x00000000080033a4       0x48 Src/main.o
 .text.MX_USART1_UART_Init
                0x00000000080033ec       0x3c Src/main.o
 .text.MX_TIM1_Init
                0x0000000008003428       0xb0 Src/main.o
 .text.MX_TIM2_Init
                0x00000000080034d8       0x74 Src/main.o
 .text.SystemClock_Config
                0x000000000800354c       0xc4 Src/main.o
                0x000000000800354c                SystemClock_Config
 .text.main     0x0000000008003610       0xf0 Src/main.o
                0x0000000008003610                main
 .text.HAL_MspInit
                0x0000000008003700       0x94 Src/stm32f4xx_hal_msp.o
                0x0000000008003700                HAL_MspInit
 .text.HAL_SPI_MspInit
                0x0000000008003794       0x50 Src/stm32f4xx_hal_msp.o
                0x0000000008003794                HAL_SPI_MspInit
 .text.HAL_TIM_PWM_MspInit
                0x00000000080037e4       0x30 Src/stm32f4xx_hal_msp.o
                0x00000000080037e4                HAL_TIM_PWM_MspInit
 .text.HAL_TIM_Base_MspInit
                0x0000000008003814       0x3c Src/stm32f4xx_hal_msp.o
                0x0000000008003814                HAL_TIM_Base_MspInit
 .text.HAL_TIM_MspPostInit
                0x0000000008003850       0x38 Src/stm32f4xx_hal_msp.o
                0x0000000008003850                HAL_TIM_MspPostInit
 .text.HAL_UART_MspInit
                0x0000000008003888       0xa4 Src/stm32f4xx_hal_msp.o
                0x0000000008003888                HAL_UART_MspInit
 .text.SVC_Handler
                0x000000000800392c        0x2 Src/stm32f4xx_it.o
                0x000000000800392c                SVC_Handler
 .text.PendSV_Handler
                0x000000000800392e        0x2 Src/stm32f4xx_it.o
                0x000000000800392e                PendSV_Handler
 .text.SysTick_Handler
                0x0000000008003930        0xc Src/stm32f4xx_it.o
                0x0000000008003930                SysTick_Handler
 .text.EXTI0_IRQHandler
                0x000000000800393c        0xa Src/stm32f4xx_it.o
                0x000000000800393c                EXTI0_IRQHandler
 *fill*         0x0000000008003946        0x2 
 .text.TIM2_IRQHandler
                0x0000000008003948       0x10 Src/stm32f4xx_it.o
                0x0000000008003948                TIM2_IRQHandler
 .text.USART1_IRQHandler
                0x0000000008003958       0x10 Src/stm32f4xx_it.o
                0x0000000008003958                USART1_IRQHandler
 .text.SystemInit
                0x0000000008003968       0x4c Src/system_stm32f4xx.o
                0x0000000008003968                SystemInit
 .text.Reset_Handler
                0x00000000080039b4       0x50 startup/startup_stm32f401xe.o
                0x00000000080039b4                Reset_Handler
 .text.Default_Handler
                0x0000000008003a04        0x2 startup/startup_stm32f401xe.o
                0x0000000008003a04                DMA1_Stream3_IRQHandler
                0x0000000008003a04                EXTI2_IRQHandler
                0x0000000008003a04                DebugMon_Handler
                0x0000000008003a04                SPI4_IRQHandler
                0x0000000008003a04                TIM1_CC_IRQHandler
                0x0000000008003a04                DMA2_Stream5_IRQHandler
                0x0000000008003a04                HardFault_Handler
                0x0000000008003a04                DMA1_Stream5_IRQHandler
                0x0000000008003a04                PVD_IRQHandler
                0x0000000008003a04                SDIO_IRQHandler
                0x0000000008003a04                TAMP_STAMP_IRQHandler
                0x0000000008003a04                NMI_Handler
                0x0000000008003a04                EXTI3_IRQHandler
                0x0000000008003a04                TIM1_UP_TIM10_IRQHandler
                0x0000000008003a04                I2C3_ER_IRQHandler
                0x0000000008003a04                I2C2_EV_IRQHandler
                0x0000000008003a04                DMA1_Stream2_IRQHandler
                0x0000000008003a04                FPU_IRQHandler
                0x0000000008003a04                UsageFault_Handler
                0x0000000008003a04                DMA2_Stream2_IRQHandler
                0x0000000008003a04                SPI1_IRQHandler
                0x0000000008003a04                TIM1_BRK_TIM9_IRQHandler
                0x0000000008003a04                DMA2_Stream3_IRQHandler
                0x0000000008003a04                USART6_IRQHandler
                0x0000000008003a04                DMA2_Stream0_IRQHandler
                0x0000000008003a04                TIM4_IRQHandler
                0x0000000008003a04                I2C1_EV_IRQHandler
                0x0000000008003a04                DMA1_Stream6_IRQHandler
                0x0000000008003a04                DMA1_Stream1_IRQHandler
                0x0000000008003a04                TIM3_IRQHandler
                0x0000000008003a04                RCC_IRQHandler
                0x0000000008003a04                Default_Handler
                0x0000000008003a04                EXTI15_10_IRQHandler
                0x0000000008003a04                ADC_IRQHandler
                0x0000000008003a04                DMA1_Stream7_IRQHandler
                0x0000000008003a04                TIM5_IRQHandler
                0x0000000008003a04                DMA2_Stream7_IRQHandler
                0x0000000008003a04                I2C3_EV_IRQHandler
                0x0000000008003a04                EXTI9_5_IRQHandler
                0x0000000008003a04                RTC_WKUP_IRQHandler
                0x0000000008003a04                SPI2_IRQHandler
                0x0000000008003a04                MemManage_Handler
                0x0000000008003a04                DMA1_Stream0_IRQHandler
                0x0000000008003a04                EXTI4_IRQHandler
                0x0000000008003a04                WWDG_IRQHandler
                0x0000000008003a04                OTG_FS_WKUP_IRQHandler
                0x0000000008003a04                TIM1_TRG_COM_TIM11_IRQHandler
                0x0000000008003a04                EXTI1_IRQHandler
                0x0000000008003a04                USART2_IRQHandler
                0x0000000008003a04                I2C2_ER_IRQHandler
                0x0000000008003a04                DMA2_Stream1_IRQHandler
                0x0000000008003a04                FLASH_IRQHandler
                0x0000000008003a04                DMA2_Stream4_IRQHandler
                0x0000000008003a04                BusFault_Handler
                0x0000000008003a04                OTG_FS_IRQHandler
                0x0000000008003a04                SPI3_IRQHandler
                0x0000000008003a04                DMA1_Stream4_IRQHandler
                0x0000000008003a04                I2C1_ER_IRQHandler
                0x0000000008003a04                DMA2_Stream6_IRQHandler
                0x0000000008003a04                RTC_Alarm_IRQHandler
 *fill*         0x0000000008003a06        0x2 
 .text.__libc_init_array
                0x0000000008003a08       0x48 /Users/Amine/.p2/pool/plugins/fr.ac6.mcu.externaltools.arm-none.macos64_1.17.0.201812190825/tools/compiler/bin/../lib/gcc/arm-none-eabi/7.3.1/../../../../arm-none-eabi/lib/thumb/v7e-m/fpv4-sp/hard/libc_nano.a(lib_a-init.o)
                0x0000000008003a08                __libc_init_array
 .text.memcpy   0x0000000008003a50       0x16 /Users/Amine/.p2/pool/plugins/fr.ac6.mcu.externaltools.arm-none.macos64_1.17.0.201812190825/tools/compiler/bin/../lib/gcc/arm-none-eabi/7.3.1/../../../../arm-none-eabi/lib/thumb/v7e-m/fpv4-sp/hard/libc_nano.a(lib_a-memcpy-stub.o)
                0x0000000008003a50                memcpy
 *fill*         0x0000000008003a66        0x2 
 .text.sprintf  0x0000000008003a68       0x40 /Users/Amine/.p2/pool/plugins/fr.ac6.mcu.externaltools.arm-none.macos64_1.17.0.201812190825/tools/compiler/bin/../lib/gcc/arm-none-eabi/7.3.1/../../../../arm-none-eabi/lib/thumb/v7e-m/fpv4-sp/hard/libc_nano.a(lib_a-sprintf.o)
                0x0000000008003a68                sprintf
                0x0000000008003a68                siprintf
 .text.__ssputs_r
                0x0000000008003aa8       0xb4 /Users/Amine/.p2/pool/plugins/fr.ac6.mcu.externaltools.arm-none.macos64_1.17.0.201812190825/tools/compiler/bin/../lib/gcc/arm-none-eabi/7.3.1/../../../../arm-none-eabi/lib/thumb/v7e-m/fpv4-sp/hard/libc_nano.a(lib_a-nano-svfprintf.o)
                0x0000000008003aa8                __ssputs_r
 .text._svfprintf_r
                0x0000000008003b5c      0x1f0 /Users/Amine/.p2/pool/plugins/fr.ac6.mcu.externaltools.arm-none.macos64_1.17.0.201812190825/tools/compiler/bin/../lib/gcc/arm-none-eabi/7.3.1/../../../../arm-none-eabi/lib/thumb/v7e-m/fpv4-sp/hard/libc_nano.a(lib_a-nano-svfprintf.o)
                0x0000000008003b5c                _svfprintf_r
                0x0000000008003b5c                _svfiprintf_r
 .text._printf_common
                0x0000000008003d4c       0xea /Users/Amine/.p2/pool/plugins/fr.ac6.mcu.externaltools.arm-none.macos64_1.17.0.201812190825/tools/compiler/bin/../lib/gcc/arm-none-eabi/7.3.1/../../../../arm-none-eabi/lib/thumb/v7e-m/fpv4-sp/hard/libc_nano.a(lib_a-nano-vfprintf_i.o)
                0x0000000008003d4c                _printf_common
 *fill*         0x0000000008003e36        0x2 
 .text._printf_i
                0x0000000008003e38      0x224 /Users/Amine/.p2/pool/plugins/fr.ac6.mcu.externaltools.arm-none.macos64_1.17.0.201812190825/tools/compiler/bin/../lib/gcc/arm-none-eabi/7.3.1/../../../../arm-none-eabi/lib/thumb/v7e-m/fpv4-sp/hard/libc_nano.a(lib_a-nano-vfprintf_i.o)
                0x0000000008003e38                _printf_i
 .text.memmove  0x000000000800405c       0x32 /Users/Amine/.p2/pool/plugins/fr.ac6.mcu.externaltools.arm-none.macos64_1.17.0.201812190825/tools/compiler/bin/../lib/gcc/arm-none-eabi/7.3.1/../../../../arm-none-eabi/lib/thumb/v7e-m/fpv4-sp/hard/libc_nano.a(lib_a-memmove.o)
                0x000000000800405c                memmove
 *fill*         0x000000000800408e        0x2 
 .text._free_r  0x0000000008004090       0x9c /Users/Amine/.p2/pool/plugins/fr.ac6.mcu.externaltools.arm-none.macos64_1.17.0.201812190825/tools/compiler/bin/../lib/gcc/arm-none-eabi/7.3.1/../../../../arm-none-eabi/lib/thumb/v7e-m/fpv4-sp/hard/libc_nano.a(lib_a-nano-freer.o)
                0x0000000008004090                _free_r
 .text._malloc_r
                0x000000000800412c       0xb4 /Users/Amine/.p2/pool/plugins/fr.ac6.mcu.externaltools.arm-none.macos64_1.17.0.201812190825/tools/compiler/bin/../lib/gcc/arm-none-eabi/7.3.1/../../../../arm-none-eabi/lib/thumb/v7e-m/fpv4-sp/hard/libc_nano.a(lib_a-nano-mallocr.o)
                0x000000000800412c                _malloc_r
 .text._realloc_r
                0x00000000080041e0       0x4c /Users/Amine/.p2/pool/plugins/fr.ac6.mcu.externaltools.arm-none.macos64_1.17.0.201812190825/tools/compiler/bin/../lib/gcc/arm-none-eabi/7.3.1/../../../../arm-none-eabi/lib/thumb/v7e-m/fpv4-sp/hard/libc_nano.a(lib_a-nano-reallocr.o)
                0x00000000080041e0                _realloc_r
 .text._sbrk_r  0x000000000800422c       0x20 /Users/Amine/.p2/pool/plugins/fr.ac6.mcu.externaltools.arm-none.macos64_1.17.0.201812190825/tools/compiler/bin/../lib/gcc/arm-none-eabi/7.3.1/../../../../arm-none-eabi/lib/thumb/v7e-m/fpv4-sp/hard/libc_nano.a(lib_a-sbrkr.o)
                0x000000000800422c                _sbrk_r
 .text.__malloc_lock
                0x000000000800424c        0x2 /Users/Amine/.p2/pool/plugins/fr.ac6.mcu.externaltools.arm-none.macos64_1.17.0.201812190825/tools/compiler/bin/../lib/gcc/arm-none-eabi/7.3.1/../../../../arm-none-eabi/lib/thumb/v7e-m/fpv4-sp/hard/libc_nano.a(lib_a-mlock.o)
                0x000000000800424c                __malloc_lock
 .text.__malloc_unlock
                0x000000000800424e        0x2 /Users/Amine/.p2/pool/plugins/fr.ac6.mcu.externaltools.arm-none.macos64_1.17.0.201812190825/tools/compiler/bin/../lib/gcc/arm-none-eabi/7.3.1/../../../../arm-none-eabi/lib/thumb/v7e-m/fpv4-sp/hard/libc_nano.a(lib_a-mlock.o)
                0x000000000800424e                __malloc_unlock
 .text._malloc_usable_size_r
                0x0000000008004250       0x10 /Users/Amine/.p2/pool/plugins/fr.ac6.mcu.externaltools.arm-none.macos64_1.17.0.201812190825/tools/compiler/bin/../lib/gcc/arm-none-eabi/7.3.1/../../../../arm-none-eabi/lib/thumb/v7e-m/fpv4-sp/hard/libc_nano.a(lib_a-nano-msizer.o)
                0x0000000008004250                _malloc_usable_size_r
 .text._sbrk    0x0000000008004260       0x1c /Users/Amine/.p2/pool/plugins/fr.ac6.mcu.externaltools.arm-none.macos64_1.17.0.201812190825/tools/compiler/bin/../lib/gcc/arm-none-eabi/7.3.1/../../../../arm-none-eabi/lib/thumb/v7e-m/fpv4-sp/hard/libnosys.a(sbrk.o)
                0x0000000008004260                _sbrk
 *(.glue_7)
 .glue_7        0x000000000800427c        0x0 linker stubs
 *(.glue_7t)
 .glue_7t       0x000000000800427c        0x0 linker stubs
 *(.eh_frame)
 .eh_frame      0x000000000800427c        0x0 /Users/Amine/.p2/pool/plugins/fr.ac6.mcu.externaltools.arm-none.macos64_1.17.0.201812190825/tools/compiler/bin/../lib/gcc/arm-none-eabi/7.3.1/thumb/v7e-m/fpv4-sp/hard/crtbegin.o
 *(.init)
 .init          0x000000000800427c        0x4 /Users/Amine/.p2/pool/plugins/fr.ac6.mcu.externaltools.arm-none.macos64_1.17.0.201812190825/tools/compiler/bin/../lib/gcc/arm-none-eabi/7.3.1/thumb/v7e-m/fpv4-sp/hard/crti.o
                0x000000000800427c                _init
 .init          0x0000000008004280        0x8 /Users/Amine/.p2/pool/plugins/fr.ac6.mcu.externaltools.arm-none.macos64_1.17.0.201812190825/tools/compiler/bin/../lib/gcc/arm-none-eabi/7.3.1/thumb/v7e-m/fpv4-sp/hard/crtn.o
 *(.fini)
 .fini          0x0000000008004288        0x4 /Users/Amine/.p2/pool/plugins/fr.ac6.mcu.externaltools.arm-none.macos64_1.17.0.201812190825/tools/compiler/bin/../lib/gcc/arm-none-eabi/7.3.1/thumb/v7e-m/fpv4-sp/hard/crti.o
                0x0000000008004288                _fini
 .fini          0x000000000800428c        0x8 /Users/Amine/.p2/pool/plugins/fr.ac6.mcu.externaltools.arm-none.macos64_1.17.0.201812190825/tools/compiler/bin/../lib/gcc/arm-none-eabi/7.3.1/thumb/v7e-m/fpv4-sp/hard/crtn.o
                0x0000000008004294                . = ALIGN (0x4)
                0x0000000008004294                _etext = .

.vfp11_veneer   0x0000000008004294        0x0
 .vfp11_veneer  0x0000000008004294        0x0 linker stubs

.v4_bx          0x0000000008004294        0x0
 .v4_bx         0x0000000008004294        0x0 linker stubs

.iplt           0x0000000008004294        0x0
 .iplt          0x0000000008004294        0x0 /Users/Amine/.p2/pool/plugins/fr.ac6.mcu.externaltools.arm-none.macos64_1.17.0.201812190825/tools/compiler/bin/../lib/gcc/arm-none-eabi/7.3.1/thumb/v7e-m/fpv4-sp/hard/crtbegin.o

.rodata         0x0000000008004294      0x5c0
                0x0000000008004294                . = ALIGN (0x4)
 *(.rodata)
 .rodata        0x0000000008004294        0xe Src/MY_NRF24.o
 *fill*         0x00000000080042a2        0x2 
 .rodata        0x00000000080042a4       0x18 Src/system_stm32f4xx.o
                0x00000000080042a4                AHBPrescTable
                0x00000000080042b4                APBPrescTable
 *(.rodata*)
 .rodata.str1.4
                0x00000000080042bc      0x541 Src/MY_NRF24.o
 *fill*         0x00000000080047fd        0x3 
 .rodata.str1.4
                0x0000000008004800       0x20 Src/main.o
                                         0x1e (size before relaxing)
 .rodata._svfprintf_r.str1.1
                0x0000000008004820       0x11 /Users/Amine/.p2/pool/plugins/fr.ac6.mcu.externaltools.arm-none.macos64_1.17.0.201812190825/tools/compiler/bin/../lib/gcc/arm-none-eabi/7.3.1/../../../../arm-none-eabi/lib/thumb/v7e-m/fpv4-sp/hard/libc_nano.a(lib_a-nano-svfprintf.o)
 .rodata._printf_i.str1.1
                0x0000000008004831       0x22 /Users/Amine/.p2/pool/plugins/fr.ac6.mcu.externaltools.arm-none.macos64_1.17.0.201812190825/tools/compiler/bin/../lib/gcc/arm-none-eabi/7.3.1/../../../../arm-none-eabi/lib/thumb/v7e-m/fpv4-sp/hard/libc_nano.a(lib_a-nano-vfprintf_i.o)
                0x0000000008004854                . = ALIGN (0x4)
 *fill*         0x0000000008004853        0x1 

.ARM.extab
 *(.ARM.extab* .gnu.linkonce.armextab.*)

.ARM            0x0000000008004854        0x8
                0x0000000008004854                __exidx_start = .
 *(.ARM.exidx*)
 .ARM.exidx     0x0000000008004854        0x8 /Users/Amine/.p2/pool/plugins/fr.ac6.mcu.externaltools.arm-none.macos64_1.17.0.201812190825/tools/compiler/bin/../lib/gcc/arm-none-eabi/7.3.1/thumb/v7e-m/fpv4-sp/hard/libgcc.a(_udivmoddi4.o)
                0x000000000800485c                __exidx_end = .

.rel.dyn        0x000000000800485c        0x0
 .rel.iplt      0x000000000800485c        0x0 /Users/Amine/.p2/pool/plugins/fr.ac6.mcu.externaltools.arm-none.macos64_1.17.0.201812190825/tools/compiler/bin/../lib/gcc/arm-none-eabi/7.3.1/thumb/v7e-m/fpv4-sp/hard/crtbegin.o

.preinit_array  0x000000000800485c        0x0
                0x000000000800485c                PROVIDE (__preinit_array_start = .)
 *(.preinit_array*)
                0x000000000800485c                PROVIDE (__preinit_array_end = .)

.init_array     0x000000000800485c        0x4
                0x000000000800485c                PROVIDE (__init_array_start = .)
 *(SORT_BY_NAME(.init_array.*))
 *(.init_array*)
 .init_array    0x000000000800485c        0x4 /Users/Amine/.p2/pool/plugins/fr.ac6.mcu.externaltools.arm-none.macos64_1.17.0.201812190825/tools/compiler/bin/../lib/gcc/arm-none-eabi/7.3.1/thumb/v7e-m/fpv4-sp/hard/crtbegin.o
                0x0000000008004860                PROVIDE (__init_array_end = .)

.fini_array     0x0000000008004860        0x4
                [!provide]                        PROVIDE (__fini_array_start = .)
 *(SORT_BY_NAME(.fini_array.*))
 *(.fini_array*)
 .fini_array    0x0000000008004860        0x4 /Users/Amine/.p2/pool/plugins/fr.ac6.mcu.externaltools.arm-none.macos64_1.17.0.201812190825/tools/compiler/bin/../lib/gcc/arm-none-eabi/7.3.1/thumb/v7e-m/fpv4-sp/hard/crtbegin.o
                [!provide]                        PROVIDE (__fini_array_end = .)
                0x0000000008004864                _sidata = LOADADDR (.data)

.data           0x0000000020000000       0xc0 load address 0x0000000008004864
                0x0000000020000000                . = ALIGN (0x4)
                0x0000000020000000                _sdata = .
 *(.data)
 .data          0x0000000020000000        0x8 Drivers/STM32F4xx_HAL_Driver/Src/stm32f4xx_hal.o
                0x0000000020000000                uwTickFreq
                0x0000000020000004                uwTickPrio
 .data          0x0000000020000008       0x50 Src/main.o
                0x0000000020000008                TestRadioEnable
                0x0000000020000028                TestRadioDisable
                0x0000000020000048                threshold
                0x0000000020000050                RxpipeAddrs
 .data          0x0000000020000058        0x4 Src/system_stm32f4xx.o
                0x0000000020000058                SystemCoreClock
 *(.data*)
 .data._impure_ptr
                0x000000002000005c        0x4 /Users/Amine/.p2/pool/plugins/fr.ac6.mcu.externaltools.arm-none.macos64_1.17.0.201812190825/tools/compiler/bin/../lib/gcc/arm-none-eabi/7.3.1/../../../../arm-none-eabi/lib/thumb/v7e-m/fpv4-sp/hard/libc_nano.a(lib_a-impure.o)
                0x000000002000005c                _impure_ptr
 .data.impure_data
                0x0000000020000060       0x60 /Users/Amine/.p2/pool/plugins/fr.ac6.mcu.externaltools.arm-none.macos64_1.17.0.201812190825/tools/compiler/bin/../lib/gcc/arm-none-eabi/7.3.1/../../../../arm-none-eabi/lib/thumb/v7e-m/fpv4-sp/hard/libc_nano.a(lib_a-impure.o)
                0x00000000200000c0                . = ALIGN (0x4)
                0x00000000200000c0                _edata = .

.igot.plt       0x00000000200000c0        0x0 load address 0x0000000008004924
 .igot.plt      0x00000000200000c0        0x0 /Users/Amine/.p2/pool/plugins/fr.ac6.mcu.externaltools.arm-none.macos64_1.17.0.201812190825/tools/compiler/bin/../lib/gcc/arm-none-eabi/7.3.1/thumb/v7e-m/fpv4-sp/hard/crtbegin.o
                0x00000000200000c0                . = ALIGN (0x4)

.bss            0x00000000200000c0      0x278 load address 0x0000000008004924
                0x00000000200000c0                _sbss = .
                0x00000000200000c0                __bss_start__ = _sbss
 *(.bss)
 .bss           0x00000000200000c0       0x1c /Users/Amine/.p2/pool/plugins/fr.ac6.mcu.externaltools.arm-none.macos64_1.17.0.201812190825/tools/compiler/bin/../lib/gcc/arm-none-eabi/7.3.1/thumb/v7e-m/fpv4-sp/hard/crtbegin.o
 *fill*         0x00000000200000dc        0x4 
 .bss           0x00000000200000e0       0xb4 Src/MY_NRF24.o
 .bss           0x0000000020000194        0x8 Src/main.o
                0x0000000020000194                Bluetooth_EXP_ENABLE
                0x0000000020000195                Radio_EXP_ENABLE
                0x0000000020000198                counter
 *(.bss*)
 .bss.__malloc_free_list
                0x000000002000019c        0x4 /Users/Amine/.p2/pool/plugins/fr.ac6.mcu.externaltools.arm-none.macos64_1.17.0.201812190825/tools/compiler/bin/../lib/gcc/arm-none-eabi/7.3.1/../../../../arm-none-eabi/lib/thumb/v7e-m/fpv4-sp/hard/libc_nano.a(lib_a-nano-mallocr.o)
                0x000000002000019c                __malloc_free_list
 .bss.__malloc_sbrk_start
                0x00000000200001a0        0x4 /Users/Amine/.p2/pool/plugins/fr.ac6.mcu.externaltools.arm-none.macos64_1.17.0.201812190825/tools/compiler/bin/../lib/gcc/arm-none-eabi/7.3.1/../../../../arm-none-eabi/lib/thumb/v7e-m/fpv4-sp/hard/libc_nano.a(lib_a-nano-mallocr.o)
                0x00000000200001a0                __malloc_sbrk_start
 .bss.heap_end.5377
                0x00000000200001a4        0x4 /Users/Amine/.p2/pool/plugins/fr.ac6.mcu.externaltools.arm-none.macos64_1.17.0.201812190825/tools/compiler/bin/../lib/gcc/arm-none-eabi/7.3.1/../../../../arm-none-eabi/lib/thumb/v7e-m/fpv4-sp/hard/libnosys.a(sbrk.o)
 *(COMMON)
 COMMON         0x00000000200001a8        0x4 Drivers/STM32F4xx_HAL_Driver/Src/stm32f4xx_hal.o
                0x00000000200001a8                uwTick
 COMMON         0x00000000200001ac      0x188 Src/main.o
                0x00000000200001ac                pData
                0x00000000200001b0                myRxData
                0x00000000200001e4                huart1
                0x0000000020000224                htim1
                0x0000000020000260                hspi1
                0x00000000200002b8                htim2
                0x00000000200002f4                huart2
 COMMON         0x0000000020000334        0x4 /Users/Amine/.p2/pool/plugins/fr.ac6.mcu.externaltools.arm-none.macos64_1.17.0.201812190825/tools/compiler/bin/../lib/gcc/arm-none-eabi/7.3.1/../../../../arm-none-eabi/lib/thumb/v7e-m/fpv4-sp/hard/libc_nano.a(lib_a-reent.o)
                0x0000000020000334                errno
                0x0000000020000338                . = ALIGN (0x4)
                0x0000000020000338                _ebss = .
                0x0000000020000338                __bss_end__ = _ebss

._user_heap_stack
                0x0000000020000338      0x600 load address 0x0000000008004924
                0x0000000020000338                . = ALIGN (0x8)
                0x0000000020000338                PROVIDE (end = .)
                [!provide]                        PROVIDE (_end = .)
                0x0000000020000538                . = (. + _Min_Heap_Size)
 *fill*         0x0000000020000338      0x200 
                0x0000000020000938                . = (. + _Min_Stack_Size)
 *fill*         0x0000000020000538      0x400 
                0x0000000020000938                . = ALIGN (0x8)

/DISCARD/
 libc.a(*)
 libm.a(*)
 libgcc.a(*)

.ARM.attributes
                0x0000000000000000       0x30
 *(.ARM.attributes)
 .ARM.attributes
                0x0000000000000000       0x22 /Users/Amine/.p2/pool/plugins/fr.ac6.mcu.externaltools.arm-none.macos64_1.17.0.201812190825/tools/compiler/bin/../lib/gcc/arm-none-eabi/7.3.1/thumb/v7e-m/fpv4-sp/hard/crti.o
 .ARM.attributes
                0x0000000000000022       0x34 /Users/Amine/.p2/pool/plugins/fr.ac6.mcu.externaltools.arm-none.macos64_1.17.0.201812190825/tools/compiler/bin/../lib/gcc/arm-none-eabi/7.3.1/thumb/v7e-m/fpv4-sp/hard/crtbegin.o
 .ARM.attributes
                0x0000000000000056       0x39 Drivers/STM32F4xx_HAL_Driver/Src/stm32f4xx_hal.o
 .ARM.attributes
                0x000000000000008f       0x39 Drivers/STM32F4xx_HAL_Driver/Src/stm32f4xx_hal_cortex.o
 .ARM.attributes
                0x00000000000000c8       0x39 Drivers/STM32F4xx_HAL_Driver/Src/stm32f4xx_hal_dma.o
 .ARM.attributes
                0x0000000000000101       0x39 Drivers/STM32F4xx_HAL_Driver/Src/stm32f4xx_hal_gpio.o
 .ARM.attributes
                0x000000000000013a       0x39 Drivers/STM32F4xx_HAL_Driver/Src/stm32f4xx_hal_rcc.o
 .ARM.attributes
                0x0000000000000173       0x39 Drivers/STM32F4xx_HAL_Driver/Src/stm32f4xx_hal_spi.o
 .ARM.attributes
                0x00000000000001ac       0x39 Drivers/STM32F4xx_HAL_Driver/Src/stm32f4xx_hal_tim.o
 .ARM.attributes
                0x00000000000001e5       0x39 Drivers/STM32F4xx_HAL_Driver/Src/stm32f4xx_hal_tim_ex.o
 .ARM.attributes
                0x000000000000021e       0x39 Drivers/STM32F4xx_HAL_Driver/Src/stm32f4xx_hal_uart.o
 .ARM.attributes
                0x0000000000000257       0x39 Src/MY_NRF24.o
 .ARM.attributes
                0x0000000000000290       0x39 Src/dwt_stm32_delay.o
 .ARM.attributes
                0x00000000000002c9       0x39 Src/main.o
 .ARM.attributes
                0x0000000000000302       0x39 Src/stm32f4xx_hal_msp.o
 .ARM.attributes
                0x000000000000033b       0x39 Src/stm32f4xx_it.o
 .ARM.attributes
                0x0000000000000374       0x39 Src/system_stm32f4xx.o
 .ARM.attributes
                0x00000000000003ad       0x21 startup/startup_stm32f401xe.o
 .ARM.attributes
                0x00000000000003ce       0x22 /Users/Amine/.p2/pool/plugins/fr.ac6.mcu.externaltools.arm-none.macos64_1.17.0.201812190825/tools/compiler/bin/../lib/gcc/arm-none-eabi/7.3.1/thumb/v7e-m/fpv4-sp/hard/libgcc.a(_aeabi_uldivmod.o)
 .ARM.attributes
                0x00000000000003f0       0x34 /Users/Amine/.p2/pool/plugins/fr.ac6.mcu.externaltools.arm-none.macos64_1.17.0.201812190825/tools/compiler/bin/../lib/gcc/arm-none-eabi/7.3.1/thumb/v7e-m/fpv4-sp/hard/libgcc.a(_udivmoddi4.o)
 .ARM.attributes
                0x0000000000000424       0x22 /Users/Amine/.p2/pool/plugins/fr.ac6.mcu.externaltools.arm-none.macos64_1.17.0.201812190825/tools/compiler/bin/../lib/gcc/arm-none-eabi/7.3.1/thumb/v7e-m/fpv4-sp/hard/libgcc.a(_dvmd_tls.o)
 .ARM.attributes
                0x0000000000000446       0x34 /Users/Amine/.p2/pool/plugins/fr.ac6.mcu.externaltools.arm-none.macos64_1.17.0.201812190825/tools/compiler/bin/../lib/gcc/arm-none-eabi/7.3.1/../../../../arm-none-eabi/lib/thumb/v7e-m/fpv4-sp/hard/libc_nano.a(lib_a-impure.o)
 .ARM.attributes
                0x000000000000047a       0x34 /Users/Amine/.p2/pool/plugins/fr.ac6.mcu.externaltools.arm-none.macos64_1.17.0.201812190825/tools/compiler/bin/../lib/gcc/arm-none-eabi/7.3.1/../../../../arm-none-eabi/lib/thumb/v7e-m/fpv4-sp/hard/libc_nano.a(lib_a-init.o)
 .ARM.attributes
                0x00000000000004ae       0x34 /Users/Amine/.p2/pool/plugins/fr.ac6.mcu.externaltools.arm-none.macos64_1.17.0.201812190825/tools/compiler/bin/../lib/gcc/arm-none-eabi/7.3.1/../../../../arm-none-eabi/lib/thumb/v7e-m/fpv4-sp/hard/libc_nano.a(lib_a-memcpy-stub.o)
 .ARM.attributes
                0x00000000000004e2       0x34 /Users/Amine/.p2/pool/plugins/fr.ac6.mcu.externaltools.arm-none.macos64_1.17.0.201812190825/tools/compiler/bin/../lib/gcc/arm-none-eabi/7.3.1/../../../../arm-none-eabi/lib/thumb/v7e-m/fpv4-sp/hard/libc_nano.a(lib_a-sprintf.o)
 .ARM.attributes
                0x0000000000000516       0x20 /Users/Amine/.p2/pool/plugins/fr.ac6.mcu.externaltools.arm-none.macos64_1.17.0.201812190825/tools/compiler/bin/../lib/gcc/arm-none-eabi/7.3.1/../../../../arm-none-eabi/lib/thumb/v7e-m/fpv4-sp/hard/libc_nano.a(lib_a-strcmp.o)
 .ARM.attributes
                0x0000000000000536       0x1b /Users/Amine/.p2/pool/plugins/fr.ac6.mcu.externaltools.arm-none.macos64_1.17.0.201812190825/tools/compiler/bin/../lib/gcc/arm-none-eabi/7.3.1/../../../../arm-none-eabi/lib/thumb/v7e-m/fpv4-sp/hard/libc_nano.a(lib_a-strlen.o)
 .ARM.attributes
                0x0000000000000551       0x34 /Users/Amine/.p2/pool/plugins/fr.ac6.mcu.externaltools.arm-none.macos64_1.17.0.201812190825/tools/compiler/bin/../lib/gcc/arm-none-eabi/7.3.1/../../../../arm-none-eabi/lib/thumb/v7e-m/fpv4-sp/hard/libc_nano.a(lib_a-nano-svfprintf.o)
 .ARM.attributes
                0x0000000000000585       0x34 /Users/Amine/.p2/pool/plugins/fr.ac6.mcu.externaltools.arm-none.macos64_1.17.0.201812190825/tools/compiler/bin/../lib/gcc/arm-none-eabi/7.3.1/../../../../arm-none-eabi/lib/thumb/v7e-m/fpv4-sp/hard/libc_nano.a(lib_a-nano-vfprintf_i.o)
 .ARM.attributes
                0x00000000000005b9       0x20 /Users/Amine/.p2/pool/plugins/fr.ac6.mcu.externaltools.arm-none.macos64_1.17.0.201812190825/tools/compiler/bin/../lib/gcc/arm-none-eabi/7.3.1/../../../../arm-none-eabi/lib/thumb/v7e-m/fpv4-sp/hard/libc_nano.a(lib_a-memchr.o)
 .ARM.attributes
                0x00000000000005d9       0x34 /Users/Amine/.p2/pool/plugins/fr.ac6.mcu.externaltools.arm-none.macos64_1.17.0.201812190825/tools/compiler/bin/../lib/gcc/arm-none-eabi/7.3.1/../../../../arm-none-eabi/lib/thumb/v7e-m/fpv4-sp/hard/libc_nano.a(lib_a-memmove.o)
 .ARM.attributes
                0x000000000000060d       0x34 /Users/Amine/.p2/pool/plugins/fr.ac6.mcu.externaltools.arm-none.macos64_1.17.0.201812190825/tools/compiler/bin/../lib/gcc/arm-none-eabi/7.3.1/../../../../arm-none-eabi/lib/thumb/v7e-m/fpv4-sp/hard/libc_nano.a(lib_a-nano-freer.o)
 .ARM.attributes
                0x0000000000000641       0x34 /Users/Amine/.p2/pool/plugins/fr.ac6.mcu.externaltools.arm-none.macos64_1.17.0.201812190825/tools/compiler/bin/../lib/gcc/arm-none-eabi/7.3.1/../../../../arm-none-eabi/lib/thumb/v7e-m/fpv4-sp/hard/libc_nano.a(lib_a-nano-mallocr.o)
 .ARM.attributes
                0x0000000000000675       0x34 /Users/Amine/.p2/pool/plugins/fr.ac6.mcu.externaltools.arm-none.macos64_1.17.0.201812190825/tools/compiler/bin/../lib/gcc/arm-none-eabi/7.3.1/../../../../arm-none-eabi/lib/thumb/v7e-m/fpv4-sp/hard/libc_nano.a(lib_a-nano-reallocr.o)
 .ARM.attributes
                0x00000000000006a9       0x34 /Users/Amine/.p2/pool/plugins/fr.ac6.mcu.externaltools.arm-none.macos64_1.17.0.201812190825/tools/compiler/bin/../lib/gcc/arm-none-eabi/7.3.1/../../../../arm-none-eabi/lib/thumb/v7e-m/fpv4-sp/hard/libc_nano.a(lib_a-sbrkr.o)
 .ARM.attributes
                0x00000000000006dd       0x34 /Users/Amine/.p2/pool/plugins/fr.ac6.mcu.externaltools.arm-none.macos64_1.17.0.201812190825/tools/compiler/bin/../lib/gcc/arm-none-eabi/7.3.1/../../../../arm-none-eabi/lib/thumb/v7e-m/fpv4-sp/hard/libc_nano.a(lib_a-mlock.o)
 .ARM.attributes
                0x0000000000000711       0x34 /Users/Amine/.p2/pool/plugins/fr.ac6.mcu.externaltools.arm-none.macos64_1.17.0.201812190825/tools/compiler/bin/../lib/gcc/arm-none-eabi/7.3.1/../../../../arm-none-eabi/lib/thumb/v7e-m/fpv4-sp/hard/libc_nano.a(lib_a-nano-msizer.o)
 .ARM.attributes
                0x0000000000000745       0x34 /Users/Amine/.p2/pool/plugins/fr.ac6.mcu.externaltools.arm-none.macos64_1.17.0.201812190825/tools/compiler/bin/../lib/gcc/arm-none-eabi/7.3.1/../../../../arm-none-eabi/lib/thumb/v7e-m/fpv4-sp/hard/libc_nano.a(lib_a-reent.o)
 .ARM.attributes
                0x0000000000000779       0x34 /Users/Amine/.p2/pool/plugins/fr.ac6.mcu.externaltools.arm-none.macos64_1.17.0.201812190825/tools/compiler/bin/../lib/gcc/arm-none-eabi/7.3.1/../../../../arm-none-eabi/lib/thumb/v7e-m/fpv4-sp/hard/libnosys.a(sbrk.o)
 .ARM.attributes
                0x00000000000007ad       0x22 /Users/Amine/.p2/pool/plugins/fr.ac6.mcu.externaltools.arm-none.macos64_1.17.0.201812190825/tools/compiler/bin/../lib/gcc/arm-none-eabi/7.3.1/thumb/v7e-m/fpv4-sp/hard/crtn.o
OUTPUT(NRF24_RX.elf elf32-littlearm)

.debug_info     0x0000000000000000    0x19351
 .debug_info    0x0000000000000000     0x1167 Drivers/STM32F4xx_HAL_Driver/Src/stm32f4xx_hal.o
 .debug_info    0x0000000000001167     0x16bf Drivers/STM32F4xx_HAL_Driver/Src/stm32f4xx_hal_cortex.o
 .debug_info    0x0000000000002826     0x1273 Drivers/STM32F4xx_HAL_Driver/Src/stm32f4xx_hal_dma.o
 .debug_info    0x0000000000003a99      0xfba Drivers/STM32F4xx_HAL_Driver/Src/stm32f4xx_hal_gpio.o
 .debug_info    0x0000000000004a53     0x1285 Drivers/STM32F4xx_HAL_Driver/Src/stm32f4xx_hal_rcc.o
 .debug_info    0x0000000000005cd8     0x21ff Drivers/STM32F4xx_HAL_Driver/Src/stm32f4xx_hal_spi.o
 .debug_info    0x0000000000007ed7     0x3687 Drivers/STM32F4xx_HAL_Driver/Src/stm32f4xx_hal_tim.o
 .debug_info    0x000000000000b55e     0x1b1d Drivers/STM32F4xx_HAL_Driver/Src/stm32f4xx_hal_tim_ex.o
 .debug_info    0x000000000000d07b     0x1f12 Drivers/STM32F4xx_HAL_Driver/Src/stm32f4xx_hal_uart.o
 .debug_info    0x000000000000ef8d     0x38ad Src/MY_NRF24.o
 .debug_info    0x000000000001283a      0xaf6 Src/dwt_stm32_delay.o
 .debug_info    0x0000000000013330     0x264d Src/main.o
 .debug_info    0x000000000001597d     0x1b6a Src/stm32f4xx_hal_msp.o
 .debug_info    0x00000000000174e7     0x10f5 Src/stm32f4xx_it.o
 .debug_info    0x00000000000185dc      0xd53 Src/system_stm32f4xx.o
 .debug_info    0x000000000001932f       0x22 startup/startup_stm32f401xe.o

.debug_abbrev   0x0000000000000000     0x2b65
 .debug_abbrev  0x0000000000000000      0x2e5 Drivers/STM32F4xx_HAL_Driver/Src/stm32f4xx_hal.o
 .debug_abbrev  0x00000000000002e5      0x3d6 Drivers/STM32F4xx_HAL_Driver/Src/stm32f4xx_hal_cortex.o
 .debug_abbrev  0x00000000000006bb      0x31b Drivers/STM32F4xx_HAL_Driver/Src/stm32f4xx_hal_dma.o
 .debug_abbrev  0x00000000000009d6      0x2a7 Drivers/STM32F4xx_HAL_Driver/Src/stm32f4xx_hal_gpio.o
 .debug_abbrev  0x0000000000000c7d      0x333 Drivers/STM32F4xx_HAL_Driver/Src/stm32f4xx_hal_rcc.o
 .debug_abbrev  0x0000000000000fb0      0x2f2 Drivers/STM32F4xx_HAL_Driver/Src/stm32f4xx_hal_spi.o
 .debug_abbrev  0x00000000000012a2      0x2e0 Drivers/STM32F4xx_HAL_Driver/Src/stm32f4xx_hal_tim.o
 .debug_abbrev  0x0000000000001582      0x2e0 Drivers/STM32F4xx_HAL_Driver/Src/stm32f4xx_hal_tim_ex.o
 .debug_abbrev  0x0000000000001862      0x344 Drivers/STM32F4xx_HAL_Driver/Src/stm32f4xx_hal_uart.o
 .debug_abbrev  0x0000000000001ba6      0x3c1 Src/MY_NRF24.o
 .debug_abbrev  0x0000000000001f67      0x1b3 Src/dwt_stm32_delay.o
 .debug_abbrev  0x000000000000211a      0x336 Src/main.o
 .debug_abbrev  0x0000000000002450      0x2b5 Src/stm32f4xx_hal_msp.o
 .debug_abbrev  0x0000000000002705      0x249 Src/stm32f4xx_it.o
 .debug_abbrev  0x000000000000294e      0x205 Src/system_stm32f4xx.o
 .debug_abbrev  0x0000000000002b53       0x12 startup/startup_stm32f401xe.o

.debug_loc      0x0000000000000000     0x9c6c
 .debug_loc     0x0000000000000000       0xfd Drivers/STM32F4xx_HAL_Driver/Src/stm32f4xx_hal.o
 .debug_loc     0x00000000000000fd      0x5ce Drivers/STM32F4xx_HAL_Driver/Src/stm32f4xx_hal_cortex.o
 .debug_loc     0x00000000000006cb      0xb4e Drivers/STM32F4xx_HAL_Driver/Src/stm32f4xx_hal_dma.o
 .debug_loc     0x0000000000001219      0x469 Drivers/STM32F4xx_HAL_Driver/Src/stm32f4xx_hal_gpio.o
 .debug_loc     0x0000000000001682      0x3f1 Drivers/STM32F4xx_HAL_Driver/Src/stm32f4xx_hal_rcc.o
 .debug_loc     0x0000000000001a73     0x1937 Drivers/STM32F4xx_HAL_Driver/Src/stm32f4xx_hal_spi.o
 .debug_loc     0x00000000000033aa     0x3664 Drivers/STM32F4xx_HAL_Driver/Src/stm32f4xx_hal_tim.o
 .debug_loc     0x0000000000006a0e      0xefe Drivers/STM32F4xx_HAL_Driver/Src/stm32f4xx_hal_tim_ex.o
 .debug_loc     0x000000000000790c     0x158b Drivers/STM32F4xx_HAL_Driver/Src/stm32f4xx_hal_uart.o
 .debug_loc     0x0000000000008e97      0xa80 Src/MY_NRF24.o
 .debug_loc     0x0000000000009917       0x9a Src/main.o
 .debug_loc     0x00000000000099b1      0x17d Src/stm32f4xx_hal_msp.o
 .debug_loc     0x0000000000009b2e      0x13e Src/system_stm32f4xx.o

.debug_aranges  0x0000000000000000      0xea0
 .debug_aranges
                0x0000000000000000       0xe0 Drivers/STM32F4xx_HAL_Driver/Src/stm32f4xx_hal.o
 .debug_aranges
                0x00000000000000e0       0xa8 Drivers/STM32F4xx_HAL_Driver/Src/stm32f4xx_hal_cortex.o
 .debug_aranges
                0x0000000000000188       0x90 Drivers/STM32F4xx_HAL_Driver/Src/stm32f4xx_hal_dma.o
 .debug_aranges
                0x0000000000000218       0x58 Drivers/STM32F4xx_HAL_Driver/Src/stm32f4xx_hal_gpio.o
 .debug_aranges
                0x0000000000000270       0x88 Drivers/STM32F4xx_HAL_Driver/Src/stm32f4xx_hal_rcc.o
 .debug_aranges
                0x00000000000002f8      0x1c8 Drivers/STM32F4xx_HAL_Driver/Src/stm32f4xx_hal_spi.o
 .debug_aranges
                0x00000000000004c0      0x368 Drivers/STM32F4xx_HAL_Driver/Src/stm32f4xx_hal_tim.o
 .debug_aranges
                0x0000000000000828      0x140 Drivers/STM32F4xx_HAL_Driver/Src/stm32f4xx_hal_tim_ex.o
 .debug_aranges
                0x0000000000000968      0x1d0 Drivers/STM32F4xx_HAL_Driver/Src/stm32f4xx_hal_uart.o
 .debug_aranges
                0x0000000000000b38      0x1d0 Src/MY_NRF24.o
 .debug_aranges
                0x0000000000000d08       0x20 Src/dwt_stm32_delay.o
 .debug_aranges
                0x0000000000000d28       0x78 Src/main.o
 .debug_aranges
                0x0000000000000da0       0x68 Src/stm32f4xx_hal_msp.o
 .debug_aranges
                0x0000000000000e08       0x48 Src/stm32f4xx_it.o
 .debug_aranges
                0x0000000000000e50       0x28 Src/system_stm32f4xx.o
 .debug_aranges
                0x0000000000000e78       0x28 startup/startup_stm32f401xe.o

.debug_ranges   0x0000000000000000      0xe38
 .debug_ranges  0x0000000000000000       0xd0 Drivers/STM32F4xx_HAL_Driver/Src/stm32f4xx_hal.o
 .debug_ranges  0x00000000000000d0       0xf8 Drivers/STM32F4xx_HAL_Driver/Src/stm32f4xx_hal_cortex.o
 .debug_ranges  0x00000000000001c8       0x80 Drivers/STM32F4xx_HAL_Driver/Src/stm32f4xx_hal_dma.o
 .debug_ranges  0x0000000000000248       0x48 Drivers/STM32F4xx_HAL_Driver/Src/stm32f4xx_hal_gpio.o
 .debug_ranges  0x0000000000000290       0x90 Drivers/STM32F4xx_HAL_Driver/Src/stm32f4xx_hal_rcc.o
 .debug_ranges  0x0000000000000320      0x1b8 Drivers/STM32F4xx_HAL_Driver/Src/stm32f4xx_hal_spi.o
 .debug_ranges  0x00000000000004d8      0x358 Drivers/STM32F4xx_HAL_Driver/Src/stm32f4xx_hal_tim.o
 .debug_ranges  0x0000000000000830      0x130 Drivers/STM32F4xx_HAL_Driver/Src/stm32f4xx_hal_tim_ex.o
 .debug_ranges  0x0000000000000960      0x1c0 Drivers/STM32F4xx_HAL_Driver/Src/stm32f4xx_hal_uart.o
 .debug_ranges  0x0000000000000b20      0x1d8 Src/MY_NRF24.o
 .debug_ranges  0x0000000000000cf8       0x10 Src/dwt_stm32_delay.o
 .debug_ranges  0x0000000000000d08       0x68 Src/main.o
 .debug_ranges  0x0000000000000d70       0x58 Src/stm32f4xx_hal_msp.o
 .debug_ranges  0x0000000000000dc8       0x38 Src/stm32f4xx_it.o
 .debug_ranges  0x0000000000000e00       0x18 Src/system_stm32f4xx.o
 .debug_ranges  0x0000000000000e18       0x20 startup/startup_stm32f401xe.o

.debug_macro    0x0000000000000000    0x176e3
 .debug_macro   0x0000000000000000      0x390 Drivers/STM32F4xx_HAL_Driver/Src/stm32f4xx_hal.o
 .debug_macro   0x0000000000000390      0xa60 Drivers/STM32F4xx_HAL_Driver/Src/stm32f4xx_hal.o
 .debug_macro   0x0000000000000df0       0x4c Drivers/STM32F4xx_HAL_Driver/Src/stm32f4xx_hal.o
 .debug_macro   0x0000000000000e3c      0x186 Drivers/STM32F4xx_HAL_Driver/Src/stm32f4xx_hal.o
 .debug_macro   0x0000000000000fc2       0x32 Drivers/STM32F4xx_HAL_Driver/Src/stm32f4xx_hal.o
 .debug_macro   0x0000000000000ff4       0x28 Drivers/STM32F4xx_HAL_Driver/Src/stm32f4xx_hal.o
 .debug_macro   0x000000000000101c       0x22 Drivers/STM32F4xx_HAL_Driver/Src/stm32f4xx_hal.o
 .debug_macro   0x000000000000103e       0x8e Drivers/STM32F4xx_HAL_Driver/Src/stm32f4xx_hal.o
 .debug_macro   0x00000000000010cc       0x51 Drivers/STM32F4xx_HAL_Driver/Src/stm32f4xx_hal.o
 .debug_macro   0x000000000000111d       0xef Drivers/STM32F4xx_HAL_Driver/Src/stm32f4xx_hal.o
 .debug_macro   0x000000000000120c       0x6a Drivers/STM32F4xx_HAL_Driver/Src/stm32f4xx_hal.o
 .debug_macro   0x0000000000001276      0x1df Drivers/STM32F4xx_HAL_Driver/Src/stm32f4xx_hal.o
 .debug_macro   0x0000000000001455       0x35 Drivers/STM32F4xx_HAL_Driver/Src/stm32f4xx_hal.o
 .debug_macro   0x000000000000148a       0x50 Drivers/STM32F4xx_HAL_Driver/Src/stm32f4xx_hal.o
 .debug_macro   0x00000000000014da      0xe66 Drivers/STM32F4xx_HAL_Driver/Src/stm32f4xx_hal.o
 .debug_macro   0x0000000000002340     0xb71c Drivers/STM32F4xx_HAL_Driver/Src/stm32f4xx_hal.o
 .debug_macro   0x000000000000da5c       0x43 Drivers/STM32F4xx_HAL_Driver/Src/stm32f4xx_hal.o
 .debug_macro   0x000000000000da9f     0x3535 Drivers/STM32F4xx_HAL_Driver/Src/stm32f4xx_hal.o
 .debug_macro   0x0000000000010fd4       0x5e Drivers/STM32F4xx_HAL_Driver/Src/stm32f4xx_hal.o
 .debug_macro   0x0000000000011032       0x18 Drivers/STM32F4xx_HAL_Driver/Src/stm32f4xx_hal.o
 .debug_macro   0x000000000001104a       0x35 Drivers/STM32F4xx_HAL_Driver/Src/stm32f4xx_hal.o
 .debug_macro   0x000000000001107f       0x34 Drivers/STM32F4xx_HAL_Driver/Src/stm32f4xx_hal.o
 .debug_macro   0x00000000000110b3       0x16 Drivers/STM32F4xx_HAL_Driver/Src/stm32f4xx_hal.o
 .debug_macro   0x00000000000110c9       0x97 Drivers/STM32F4xx_HAL_Driver/Src/stm32f4xx_hal.o
 .debug_macro   0x0000000000011160      0x330 Drivers/STM32F4xx_HAL_Driver/Src/stm32f4xx_hal.o
 .debug_macro   0x0000000000011490       0xfd Drivers/STM32F4xx_HAL_Driver/Src/stm32f4xx_hal.o
 .debug_macro   0x000000000001158d       0x10 Drivers/STM32F4xx_HAL_Driver/Src/stm32f4xx_hal.o
 .debug_macro   0x000000000001159d       0x58 Drivers/STM32F4xx_HAL_Driver/Src/stm32f4xx_hal.o
 .debug_macro   0x00000000000115f5       0x1f Drivers/STM32F4xx_HAL_Driver/Src/stm32f4xx_hal.o
 .debug_macro   0x0000000000011614       0x43 Drivers/STM32F4xx_HAL_Driver/Src/stm32f4xx_hal.o
 .debug_macro   0x0000000000011657       0x20 Drivers/STM32F4xx_HAL_Driver/Src/stm32f4xx_hal.o
 .debug_macro   0x0000000000011677      0x18e Drivers/STM32F4xx_HAL_Driver/Src/stm32f4xx_hal.o
 .debug_macro   0x0000000000011805       0x10 Drivers/STM32F4xx_HAL_Driver/Src/stm32f4xx_hal.o
 .debug_macro   0x0000000000011815       0x1c Drivers/STM32F4xx_HAL_Driver/Src/stm32f4xx_hal.o
 .debug_macro   0x0000000000011831       0x52 Drivers/STM32F4xx_HAL_Driver/Src/stm32f4xx_hal.o
 .debug_macro   0x0000000000011883       0x40 Drivers/STM32F4xx_HAL_Driver/Src/stm32f4xx_hal.o
 .debug_macro   0x00000000000118c3       0x10 Drivers/STM32F4xx_HAL_Driver/Src/stm32f4xx_hal.o
 .debug_macro   0x00000000000118d3       0x40 Drivers/STM32F4xx_HAL_Driver/Src/stm32f4xx_hal.o
 .debug_macro   0x0000000000011913       0xd7 Drivers/STM32F4xx_HAL_Driver/Src/stm32f4xx_hal.o
 .debug_macro   0x00000000000119ea       0x1c Drivers/STM32F4xx_HAL_Driver/Src/stm32f4xx_hal.o
 .debug_macro   0x0000000000011a06       0x3d Drivers/STM32F4xx_HAL_Driver/Src/stm32f4xx_hal.o
 .debug_macro   0x0000000000011a43       0x16 Drivers/STM32F4xx_HAL_Driver/Src/stm32f4xx_hal.o
 .debug_macro   0x0000000000011a59      0x16f Drivers/STM32F4xx_HAL_Driver/Src/stm32f4xx_hal.o
 .debug_macro   0x0000000000011bc8       0x50 Drivers/STM32F4xx_HAL_Driver/Src/stm32f4xx_hal.o
 .debug_macro   0x0000000000011c18      0x416 Drivers/STM32F4xx_HAL_Driver/Src/stm32f4xx_hal.o
 .debug_macro   0x000000000001202e      0xa02 Drivers/STM32F4xx_HAL_Driver/Src/stm32f4xx_hal.o
 .debug_macro   0x0000000000012a30      0x11e Drivers/STM32F4xx_HAL_Driver/Src/stm32f4xx_hal.o
 .debug_macro   0x0000000000012b4e       0xf8 Drivers/STM32F4xx_HAL_Driver/Src/stm32f4xx_hal.o
 .debug_macro   0x0000000000012c46       0x27 Drivers/STM32F4xx_HAL_Driver/Src/stm32f4xx_hal.o
 .debug_macro   0x0000000000012c6d      0x287 Drivers/STM32F4xx_HAL_Driver/Src/stm32f4xx_hal.o
 .debug_macro   0x0000000000012ef4       0x5f Drivers/STM32F4xx_HAL_Driver/Src/stm32f4xx_hal.o
 .debug_macro   0x0000000000012f53      0x23a Drivers/STM32F4xx_HAL_Driver/Src/stm32f4xx_hal.o
 .debug_macro   0x000000000001318d      0x13a Drivers/STM32F4xx_HAL_Driver/Src/stm32f4xx_hal.o
 .debug_macro   0x00000000000132c7      0x264 Drivers/STM32F4xx_HAL_Driver/Src/stm32f4xx_hal.o
 .debug_macro   0x000000000001352b       0x2e Drivers/STM32F4xx_HAL_Driver/Src/stm32f4xx_hal.o
 .debug_macro   0x0000000000013559      0x11e Drivers/STM32F4xx_HAL_Driver/Src/stm32f4xx_hal.o
 .debug_macro   0x0000000000013677       0x85 Drivers/STM32F4xx_HAL_Driver/Src/stm32f4xx_hal.o
 .debug_macro   0x00000000000136fc       0x89 Drivers/STM32F4xx_HAL_Driver/Src/stm32f4xx_hal.o
 .debug_macro   0x0000000000013785      0x202 Drivers/STM32F4xx_HAL_Driver/Src/stm32f4xx_hal.o
 .debug_macro   0x0000000000013987      0x6e0 Drivers/STM32F4xx_HAL_Driver/Src/stm32f4xx_hal.o
 .debug_macro   0x0000000000014067       0x59 Drivers/STM32F4xx_HAL_Driver/Src/stm32f4xx_hal.o
 .debug_macro   0x00000000000140c0      0x14d Drivers/STM32F4xx_HAL_Driver/Src/stm32f4xx_hal.o
 .debug_macro   0x000000000001420d      0x287 Drivers/STM32F4xx_HAL_Driver/Src/stm32f4xx_hal.o
 .debug_macro   0x0000000000014494      0x12d Drivers/STM32F4xx_HAL_Driver/Src/stm32f4xx_hal.o
 .debug_macro   0x00000000000145c1      0x330 Drivers/STM32F4xx_HAL_Driver/Src/stm32f4xx_hal_cortex.o
 .debug_macro   0x00000000000148f1      0x337 Drivers/STM32F4xx_HAL_Driver/Src/stm32f4xx_hal_dma.o
 .debug_macro   0x0000000000014c28      0x368 Drivers/STM32F4xx_HAL_Driver/Src/stm32f4xx_hal_gpio.o
 .debug_macro   0x0000000000014f90      0x354 Drivers/STM32F4xx_HAL_Driver/Src/stm32f4xx_hal_rcc.o
 .debug_macro   0x00000000000152e4      0x338 Drivers/STM32F4xx_HAL_Driver/Src/stm32f4xx_hal_spi.o
 .debug_macro   0x000000000001561c      0x330 Drivers/STM32F4xx_HAL_Driver/Src/stm32f4xx_hal_tim.o
 .debug_macro   0x000000000001594c      0x330 Drivers/STM32F4xx_HAL_Driver/Src/stm32f4xx_hal_tim_ex.o
 .debug_macro   0x0000000000015c7c      0x331 Drivers/STM32F4xx_HAL_Driver/Src/stm32f4xx_hal_uart.o
 .debug_macro   0x0000000000015fad      0x3c1 Src/MY_NRF24.o
 .debug_macro   0x000000000001636e      0x226 Src/MY_NRF24.o
 .debug_macro   0x0000000000016594       0x16 Src/MY_NRF24.o
 .debug_macro   0x00000000000165aa       0x35 Src/MY_NRF24.o
 .debug_macro   0x00000000000165df       0x16 Src/MY_NRF24.o
 .debug_macro   0x00000000000165f5       0x29 Src/MY_NRF24.o
 .debug_macro   0x000000000001661e       0x22 Src/MY_NRF24.o
 .debug_macro   0x0000000000016640       0x16 Src/MY_NRF24.o
 .debug_macro   0x0000000000016656      0x33a Src/dwt_stm32_delay.o
 .debug_macro   0x0000000000016990      0x3b3 Src/main.o
 .debug_macro   0x0000000000016d43      0x330 Src/stm32f4xx_hal_msp.o
 .debug_macro   0x0000000000017073      0x33a Src/stm32f4xx_it.o
 .debug_macro   0x00000000000173ad      0x336 Src/system_stm32f4xx.o

.debug_line     0x0000000000000000     0xb26d
 .debug_line    0x0000000000000000      0x9a5 Drivers/STM32F4xx_HAL_Driver/Src/stm32f4xx_hal.o
 .debug_line    0x00000000000009a5      0xa00 Drivers/STM32F4xx_HAL_Driver/Src/stm32f4xx_hal_cortex.o
 .debug_line    0x00000000000013a5      0xaeb Drivers/STM32F4xx_HAL_Driver/Src/stm32f4xx_hal_dma.o
 .debug_line    0x0000000000001e90      0x92a Drivers/STM32F4xx_HAL_Driver/Src/stm32f4xx_hal_gpio.o
 .debug_line    0x00000000000027ba      0xa3c Drivers/STM32F4xx_HAL_Driver/Src/stm32f4xx_hal_rcc.o
 .debug_line    0x00000000000031f6     0x11b8 Drivers/STM32F4xx_HAL_Driver/Src/stm32f4xx_hal_spi.o
 .debug_line    0x00000000000043ae     0x17a2 Drivers/STM32F4xx_HAL_Driver/Src/stm32f4xx_hal_tim.o
 .debug_line    0x0000000000005b50      0xd80 Drivers/STM32F4xx_HAL_Driver/Src/stm32f4xx_hal_tim_ex.o
 .debug_line    0x00000000000068d0     0x10d0 Drivers/STM32F4xx_HAL_Driver/Src/stm32f4xx_hal_uart.o
 .debug_line    0x00000000000079a0      0xde7 Src/MY_NRF24.o
 .debug_line    0x0000000000008787      0x7d8 Src/dwt_stm32_delay.o
 .debug_line    0x0000000000008f5f      0x9ca Src/main.o
 .debug_line    0x0000000000009929      0x8ba Src/stm32f4xx_hal_msp.o
 .debug_line    0x000000000000a1e3      0x81f Src/stm32f4xx_it.o
 .debug_line    0x000000000000aa02      0x7ec Src/system_stm32f4xx.o
 .debug_line    0x000000000000b1ee       0x7f startup/startup_stm32f401xe.o

.debug_str      0x0000000000000000    0x88ede
 .debug_str     0x0000000000000000    0x84d80 Drivers/STM32F4xx_HAL_Driver/Src/stm32f4xx_hal.o
                                      0x85159 (size before relaxing)
 .debug_str     0x0000000000084d80      0x3ae Drivers/STM32F4xx_HAL_Driver/Src/stm32f4xx_hal_cortex.o
                                      0x84e89 (size before relaxing)
 .debug_str     0x000000000008512e      0x536 Drivers/STM32F4xx_HAL_Driver/Src/stm32f4xx_hal_dma.o
                                      0x84b60 (size before relaxing)
 .debug_str     0x0000000000085664      0x292 Drivers/STM32F4xx_HAL_Driver/Src/stm32f4xx_hal_gpio.o
                                      0x84990 (size before relaxing)
 .debug_str     0x00000000000858f6      0x384 Drivers/STM32F4xx_HAL_Driver/Src/stm32f4xx_hal_rcc.o
                                      0x84b5a (size before relaxing)
 .debug_str     0x0000000000085c7a      0x6c3 Drivers/STM32F4xx_HAL_Driver/Src/stm32f4xx_hal_spi.o
                                      0x84f64 (size before relaxing)
 .debug_str     0x000000000008633d      0xe82 Drivers/STM32F4xx_HAL_Driver/Src/stm32f4xx_hal_tim.o
                                      0x85786 (size before relaxing)
 .debug_str     0x00000000000871bf      0x4f4 Drivers/STM32F4xx_HAL_Driver/Src/stm32f4xx_hal_tim_ex.o
                                      0x85046 (size before relaxing)
 .debug_str     0x00000000000876b3      0x66f Drivers/STM32F4xx_HAL_Driver/Src/stm32f4xx_hal_uart.o
                                      0x84fc3 (size before relaxing)
 .debug_str     0x0000000000087d22      0xedd Src/MY_NRF24.o
                                      0x85b50 (size before relaxing)
 .debug_str     0x0000000000088bff       0x4f Src/dwt_stm32_delay.o
                                      0x84697 (size before relaxing)
 .debug_str     0x0000000000088c4e      0x153 Src/main.o
                                      0x86064 (size before relaxing)
 .debug_str     0x0000000000088da1       0x2e Src/stm32f4xx_hal_msp.o
                                      0x8532b (size before relaxing)
 .debug_str     0x0000000000088dcf       0x86 Src/stm32f4xx_it.o
                                      0x84c31 (size before relaxing)
 .debug_str     0x0000000000088e55       0x5a Src/system_stm32f4xx.o
                                      0x8474c (size before relaxing)
 .debug_str     0x0000000000088eaf       0x2f startup/startup_stm32f401xe.o
                                         0x59 (size before relaxing)

.comment        0x0000000000000000       0x7f
 .comment       0x0000000000000000       0x7f Drivers/STM32F4xx_HAL_Driver/Src/stm32f4xx_hal.o
                                         0x80 (size before relaxing)
 .comment       0x000000000000007f       0x80 Drivers/STM32F4xx_HAL_Driver/Src/stm32f4xx_hal_cortex.o
 .comment       0x000000000000007f       0x80 Drivers/STM32F4xx_HAL_Driver/Src/stm32f4xx_hal_dma.o
 .comment       0x000000000000007f       0x80 Drivers/STM32F4xx_HAL_Driver/Src/stm32f4xx_hal_gpio.o
 .comment       0x000000000000007f       0x80 Drivers/STM32F4xx_HAL_Driver/Src/stm32f4xx_hal_rcc.o
 .comment       0x000000000000007f       0x80 Drivers/STM32F4xx_HAL_Driver/Src/stm32f4xx_hal_spi.o
 .comment       0x000000000000007f       0x80 Drivers/STM32F4xx_HAL_Driver/Src/stm32f4xx_hal_tim.o
 .comment       0x000000000000007f       0x80 Drivers/STM32F4xx_HAL_Driver/Src/stm32f4xx_hal_tim_ex.o
 .comment       0x000000000000007f       0x80 Drivers/STM32F4xx_HAL_Driver/Src/stm32f4xx_hal_uart.o
 .comment       0x000000000000007f       0x80 Src/MY_NRF24.o
 .comment       0x000000000000007f       0x80 Src/dwt_stm32_delay.o
 .comment       0x000000000000007f       0x80 Src/main.o
 .comment       0x000000000000007f       0x80 Src/stm32f4xx_hal_msp.o
 .comment       0x000000000000007f       0x80 Src/stm32f4xx_it.o
 .comment       0x000000000000007f       0x80 Src/system_stm32f4xx.o

.debug_frame    0x0000000000000000     0x2be0
 .debug_frame   0x0000000000000000      0x1cc Drivers/STM32F4xx_HAL_Driver/Src/stm32f4xx_hal.o
 .debug_frame   0x00000000000001cc      0x15c Drivers/STM32F4xx_HAL_Driver/Src/stm32f4xx_hal_cortex.o
 .debug_frame   0x0000000000000328      0x188 Drivers/STM32F4xx_HAL_Driver/Src/stm32f4xx_hal_dma.o
 .debug_frame   0x00000000000004b0       0xd8 Drivers/STM32F4xx_HAL_Driver/Src/stm32f4xx_hal_gpio.o
 .debug_frame   0x0000000000000588      0x184 Drivers/STM32F4xx_HAL_Driver/Src/stm32f4xx_hal_rcc.o
 .debug_frame   0x000000000000070c      0x55c Drivers/STM32F4xx_HAL_Driver/Src/stm32f4xx_hal_spi.o
 .debug_frame   0x0000000000000c68      0x9e0 Drivers/STM32F4xx_HAL_Driver/Src/stm32f4xx_hal_tim.o
 .debug_frame   0x0000000000001648      0x384 Drivers/STM32F4xx_HAL_Driver/Src/stm32f4xx_hal_tim_ex.o
 .debug_frame   0x00000000000019cc      0x4f0 Drivers/STM32F4xx_HAL_Driver/Src/stm32f4xx_hal_uart.o
 .debug_frame   0x0000000000001ebc      0x5f0 Src/MY_NRF24.o
 .debug_frame   0x00000000000024ac       0x20 Src/dwt_stm32_delay.o
 .debug_frame   0x00000000000024cc      0x150 Src/main.o
 .debug_frame   0x000000000000261c      0x114 Src/stm32f4xx_hal_msp.o
 .debug_frame   0x0000000000002730       0x90 Src/stm32f4xx_it.o
 .debug_frame   0x00000000000027c0       0x30 Src/system_stm32f4xx.o
 .debug_frame   0x00000000000027f0       0x2c /Users/Amine/.p2/pool/plugins/fr.ac6.mcu.externaltools.arm-none.macos64_1.17.0.201812190825/tools/compiler/bin/../lib/gcc/arm-none-eabi/7.3.1/thumb/v7e-m/fpv4-sp/hard/libgcc.a(_aeabi_uldivmod.o)
 .debug_frame   0x000000000000281c       0x34 /Users/Amine/.p2/pool/plugins/fr.ac6.mcu.externaltools.arm-none.macos64_1.17.0.201812190825/tools/compiler/bin/../lib/gcc/arm-none-eabi/7.3.1/thumb/v7e-m/fpv4-sp/hard/libgcc.a(_udivmoddi4.o)
 .debug_frame   0x0000000000002850       0x2c /Users/Amine/.p2/pool/plugins/fr.ac6.mcu.externaltools.arm-none.macos64_1.17.0.201812190825/tools/compiler/bin/../lib/gcc/arm-none-eabi/7.3.1/../../../../arm-none-eabi/lib/thumb/v7e-m/fpv4-sp/hard/libc_nano.a(lib_a-init.o)
 .debug_frame   0x000000000000287c       0x28 /Users/Amine/.p2/pool/plugins/fr.ac6.mcu.externaltools.arm-none.macos64_1.17.0.201812190825/tools/compiler/bin/../lib/gcc/arm-none-eabi/7.3.1/../../../../arm-none-eabi/lib/thumb/v7e-m/fpv4-sp/hard/libc_nano.a(lib_a-memcpy-stub.o)
 .debug_frame   0x00000000000028a4       0x6c /Users/Amine/.p2/pool/plugins/fr.ac6.mcu.externaltools.arm-none.macos64_1.17.0.201812190825/tools/compiler/bin/../lib/gcc/arm-none-eabi/7.3.1/../../../../arm-none-eabi/lib/thumb/v7e-m/fpv4-sp/hard/libc_nano.a(lib_a-sprintf.o)
 .debug_frame   0x0000000000002910       0x20 /Users/Amine/.p2/pool/plugins/fr.ac6.mcu.externaltools.arm-none.macos64_1.17.0.201812190825/tools/compiler/bin/../lib/gcc/arm-none-eabi/7.3.1/../../../../arm-none-eabi/lib/thumb/v7e-m/fpv4-sp/hard/libc_nano.a(lib_a-strcmp.o)
 .debug_frame   0x0000000000002930       0x90 /Users/Amine/.p2/pool/plugins/fr.ac6.mcu.externaltools.arm-none.macos64_1.17.0.201812190825/tools/compiler/bin/../lib/gcc/arm-none-eabi/7.3.1/../../../../arm-none-eabi/lib/thumb/v7e-m/fpv4-sp/hard/libc_nano.a(lib_a-nano-svfprintf.o)
 .debug_frame   0x00000000000029c0       0x60 /Users/Amine/.p2/pool/plugins/fr.ac6.mcu.externaltools.arm-none.macos64_1.17.0.201812190825/tools/compiler/bin/../lib/gcc/arm-none-eabi/7.3.1/../../../../arm-none-eabi/lib/thumb/v7e-m/fpv4-sp/hard/libc_nano.a(lib_a-nano-vfprintf_i.o)
 .debug_frame   0x0000000000002a20       0x28 /Users/Amine/.p2/pool/plugins/fr.ac6.mcu.externaltools.arm-none.macos64_1.17.0.201812190825/tools/compiler/bin/../lib/gcc/arm-none-eabi/7.3.1/../../../../arm-none-eabi/lib/thumb/v7e-m/fpv4-sp/hard/libc_nano.a(lib_a-memmove.o)
 .debug_frame   0x0000000000002a48       0x38 /Users/Amine/.p2/pool/plugins/fr.ac6.mcu.externaltools.arm-none.macos64_1.17.0.201812190825/tools/compiler/bin/../lib/gcc/arm-none-eabi/7.3.1/../../../../arm-none-eabi/lib/thumb/v7e-m/fpv4-sp/hard/libc_nano.a(lib_a-nano-freer.o)
 .debug_frame   0x0000000000002a80       0x2c /Users/Amine/.p2/pool/plugins/fr.ac6.mcu.externaltools.arm-none.macos64_1.17.0.201812190825/tools/compiler/bin/../lib/gcc/arm-none-eabi/7.3.1/../../../../arm-none-eabi/lib/thumb/v7e-m/fpv4-sp/hard/libc_nano.a(lib_a-nano-mallocr.o)
 .debug_frame   0x0000000000002aac       0x3c /Users/Amine/.p2/pool/plugins/fr.ac6.mcu.externaltools.arm-none.macos64_1.17.0.201812190825/tools/compiler/bin/../lib/gcc/arm-none-eabi/7.3.1/../../../../arm-none-eabi/lib/thumb/v7e-m/fpv4-sp/hard/libc_nano.a(lib_a-nano-reallocr.o)
 .debug_frame   0x0000000000002ae8       0x2c /Users/Amine/.p2/pool/plugins/fr.ac6.mcu.externaltools.arm-none.macos64_1.17.0.201812190825/tools/compiler/bin/../lib/gcc/arm-none-eabi/7.3.1/../../../../arm-none-eabi/lib/thumb/v7e-m/fpv4-sp/hard/libc_nano.a(lib_a-sbrkr.o)
 .debug_frame   0x0000000000002b14       0x30 /Users/Amine/.p2/pool/plugins/fr.ac6.mcu.externaltools.arm-none.macos64_1.17.0.201812190825/tools/compiler/bin/../lib/gcc/arm-none-eabi/7.3.1/../../../../arm-none-eabi/lib/thumb/v7e-m/fpv4-sp/hard/libc_nano.a(lib_a-mlock.o)
 .debug_frame   0x0000000000002b44       0x20 /Users/Amine/.p2/pool/plugins/fr.ac6.mcu.externaltools.arm-none.macos64_1.17.0.201812190825/tools/compiler/bin/../lib/gcc/arm-none-eabi/7.3.1/../../../../arm-none-eabi/lib/thumb/v7e-m/fpv4-sp/hard/libc_nano.a(lib_a-nano-msizer.o)
 .debug_frame   0x0000000000002b64       0x5c /Users/Amine/.p2/pool/plugins/fr.ac6.mcu.externaltools.arm-none.macos64_1.17.0.201812190825/tools/compiler/bin/../lib/gcc/arm-none-eabi/7.3.1/../../../../arm-none-eabi/lib/thumb/v7e-m/fpv4-sp/hard/libc_nano.a(lib_a-reent.o)
 .debug_frame   0x0000000000002bc0       0x20 /Users/Amine/.p2/pool/plugins/fr.ac6.mcu.externaltools.arm-none.macos64_1.17.0.201812190825/tools/compiler/bin/../lib/gcc/arm-none-eabi/7.3.1/../../../../arm-none-eabi/lib/thumb/v7e-m/fpv4-sp/hard/libnosys.a(sbrk.o)
